Component: ARM Compiler 5.05 update 1 (build 106) Tool: armlink [4d0efa]

==============================================================================

Section Cross References

    startup_stm32f103xe.o(RESET) refers to startup_stm32f103xe.o(STACK) for __initial_sp
    startup_stm32f103xe.o(RESET) refers to startup_stm32f103xe.o(.text) for Reset_Handler
    startup_stm32f103xe.o(RESET) refers to stm32f1xx_it.o(i.NMI_Handler) for NMI_Handler
    startup_stm32f103xe.o(RESET) refers to stm32f1xx_it.o(i.HardFault_Handler) for HardFault_Handler
    startup_stm32f103xe.o(RESET) refers to stm32f1xx_it.o(i.MemManage_Handler) for MemManage_Handler
    startup_stm32f103xe.o(RESET) refers to stm32f1xx_it.o(i.BusFault_Handler) for BusFault_Handler
    startup_stm32f103xe.o(RESET) refers to stm32f1xx_it.o(i.UsageFault_Handler) for UsageFault_Handler
    startup_stm32f103xe.o(RESET) refers to stm32f1xx_it.o(i.SVC_Handler) for SVC_Handler
    startup_stm32f103xe.o(RESET) refers to stm32f1xx_it.o(i.DebugMon_Handler) for DebugMon_Handler
    startup_stm32f103xe.o(RESET) refers to stm32f1xx_it.o(i.PendSV_Handler) for PendSV_Handler
    startup_stm32f103xe.o(RESET) refers to stm32f1xx_it.o(i.SysTick_Handler) for SysTick_Handler
    startup_stm32f103xe.o(RESET) refers to stm32f1xx_it.o(i.USART2_IRQHandler) for USART2_IRQHandler
    startup_stm32f103xe.o(RESET) refers to stm32f1xx_it.o(i.TIM7_IRQHandler) for TIM7_IRQHandler
    startup_stm32f103xe.o(.text) refers to system_stm32f1xx.o(i.SystemInit) for SystemInit
    startup_stm32f103xe.o(.text) refers to entry.o(.ARM.Collect$$$$00000000) for __main
    main.o(i.HAL_TIM_PeriodElapsedCallback) refers to main.o(.data) for .data
    main.o(i.SystemClock_Config) refers to memseta.o(.text) for __aeabi_memclr4
    main.o(i.SystemClock_Config) refers to stm32f1xx_hal_rcc.o(i.HAL_RCC_OscConfig) for HAL_RCC_OscConfig
    main.o(i.SystemClock_Config) refers to stm32f1xx_hal_rcc.o(i.HAL_RCC_ClockConfig) for HAL_RCC_ClockConfig
    main.o(i.main) refers to stm32f1xx_hal.o(i.HAL_Init) for HAL_Init
    main.o(i.main) refers to main.o(i.SystemClock_Config) for SystemClock_Config
    main.o(i.main) refers to gpio.o(i.MX_GPIO_Init) for MX_GPIO_Init
    main.o(i.main) refers to usart.o(i.MX_USART1_UART_Init) for MX_USART1_UART_Init
    main.o(i.main) refers to usart.o(i.MX_USART2_UART_Init) for MX_USART2_UART_Init
    main.o(i.main) refers to tim.o(i.MX_TIM6_Init) for MX_TIM6_Init
    main.o(i.main) refers to i2c.o(i.MX_I2C2_Init) for MX_I2C2_Init
    main.o(i.main) refers to tim.o(i.MX_TIM7_Init) for MX_TIM7_Init
    main.o(i.main) refers to i2c.o(i.MX_I2C1_Init) for MX_I2C1_Init
    main.o(i.main) refers to u8g2_d_setup.o(i.u8g2_Setup_ssd1306_i2c_128x64_noname_1) for u8g2_Setup_ssd1306_i2c_128x64_noname_1
    main.o(i.main) refers to u8x8_display.o(i.u8x8_InitDisplay) for u8x8_InitDisplay
    main.o(i.main) refers to u8x8_display.o(i.u8x8_SetPowerSave) for u8x8_SetPowerSave
    main.o(i.main) refers to u8g2_buffer.o(i.u8g2_FirstPage) for u8g2_FirstPage
    main.o(i.main) refers to u8g2_buffer.o(i.u8g2_ClearBuffer) for u8g2_ClearBuffer
    main.o(i.main) refers to u8g2_font.o(i.u8g2_SetFont) for u8g2_SetFont
    main.o(i.main) refers to u8g2_font.o(i.u8g2_DrawUTF8) for u8g2_DrawUTF8
    main.o(i.main) refers to u8g2_buffer.o(i.u8g2_SendBuffer) for u8g2_SendBuffer
    main.o(i.main) refers to u8g2_buffer.o(i.u8g2_NextPage) for u8g2_NextPage
    main.o(i.main) refers to dht11.o(i.DHT11_Init) for DHT11_Init
    main.o(i.main) refers to printfa.o(i.__0printf) for __2printf
    main.o(i.main) refers to esp8266.o(i.ESP8266_Init) for ESP8266_Init
    main.o(i.main) refers to stm32f1xx_hal.o(i.HAL_Delay) for HAL_Delay
    main.o(i.main) refers to onenet.o(i.OneNet_DevLink) for OneNet_DevLink
    main.o(i.main) refers to stm32f1xx_hal_tim.o(i.HAL_TIM_Base_Start_IT) for HAL_TIM_Base_Start_IT
    main.o(i.main) refers to onenet.o(i.OneNet_Subscribe) for OneNet_Subscribe
    main.o(i.main) refers to esp8266.o(i.MQTT_Ping) for MQTT_Ping
    main.o(i.main) refers to esp8266.o(i.ESP8266_Clear) for ESP8266_Clear
    main.o(i.main) refers to dht11.o(i.DHT11_Read_TempAndHumidity) for DHT11_Read_TempAndHumidity
    main.o(i.main) refers to bh1750.o(i.Get_BH1750_Value) for Get_BH1750_Value
    main.o(i.main) refers to stm32f1xx_hal_gpio.o(i.HAL_GPIO_ReadPin) for HAL_GPIO_ReadPin
    main.o(i.main) refers to printfa.o(i.__0sprintf) for __2sprintf
    main.o(i.main) refers to onenet.o(i.OneNet_Publish) for OneNet_Publish
    main.o(i.main) refers to esp8266.o(i.ESP8266_GetIPD) for ESP8266_GetIPD
    main.o(i.main) refers to onenet.o(i.OneNet_RevPro) for OneNet_RevPro
    main.o(i.main) refers to ui.o(i.dataDisplay) for dataDisplay
    main.o(i.main) refers to main.o(i.u8x8_gpio_and_delay) for u8x8_gpio_and_delay
    main.o(i.main) refers to main.o(i.u8x8_byte_i2c) for u8x8_byte_i2c
    main.o(i.main) refers to u8g2_setup.o(.constdata) for u8g2_cb_r0
[...]
    u8g2_apply_clip_window                   0x08005ea7   Thumb Code   110  u8g2_setup.o(i.u8g2_apply_clip_window)
    i.u8g2_clip_intersection2                0x08005f14   Section        0  u8g2_hvline.o(i.u8g2_clip_intersection2)
    u8g2_clip_intersection2                  0x08005f15   Thumb Code    60  u8g2_hvline.o(i.u8g2_clip_intersection2)
    i.u8g2_draw_hv_line_2dir                 0x08005f50   Section        0  u8g2_hvline.o(i.u8g2_draw_hv_line_2dir)
    i.u8g2_draw_l90_r0                       0x08005f62   Section        0  u8g2_setup.o(i.u8g2_draw_l90_r0)
    i.u8g2_draw_string                       0x08005f6e   Section        0  u8g2_font.o(i.u8g2_draw_string)
    u8g2_draw_string                         0x08005f6f   Thumb Code   118  u8g2_font.o(i.u8g2_draw_string)
    i.u8g2_font_calc_vref_font               0x08005fe4   Section        0  u8g2_font.o(i.u8g2_font_calc_vref_font)
    i.u8g2_font_decode_get_signed_bits       0x08005fe8   Section        0  u8g2_font.o(i.u8g2_font_decode_get_signed_bits)
    i.u8g2_font_decode_get_unsigned_bits     0x08005ffc   Section        0  u8g2_font.o(i.u8g2_font_decode_get_unsigned_bits)
    i.u8g2_font_decode_glyph                 0x08006030   Section        0  u8g2_font.o(i.u8g2_font_decode_glyph)
    i.u8g2_font_decode_len                   0x08006144   Section        0  u8g2_font.o(i.u8g2_font_decode_len)
    i.u8g2_font_get_glyph_data               0x080061d0   Section        0  u8g2_font.o(i.u8g2_font_get_glyph_data)
    i.u8g2_font_get_word                     0x08006242   Section        0  u8g2_font.o(i.u8g2_font_get_word)
    u8g2_font_get_word                       0x08006243   Thumb Code    20  u8g2_font.o(i.u8g2_font_get_word)
    i.u8g2_font_setup_decode                 0x08006256   Section        0  u8g2_font.o(i.u8g2_font_setup_decode)
    u8g2_font_setup_decode                   0x08006257   Thumb Code    52  u8g2_font.o(i.u8g2_font_setup_decode)
    i.u8g2_is_intersection_decision_tree     0x0800628a   Section        0  u8g2_intersection.o(i.u8g2_is_intersection_decision_tree)
    i.u8g2_ll_hvline_vertical_top_lsb        0x080062a2   Section        0  u8g2_ll_hvline.o(i.u8g2_ll_hvline_vertical_top_lsb)
    i.u8g2_m_16_8_1                          0x08006330   Section        0  u8g2_d_memory.o(i.u8g2_m_16_8_1)
    i.u8g2_read_font_info                    0x0800633c   Section        0  u8g2_font.o(i.u8g2_read_font_info)
    i.u8g2_send_buffer                       0x080063a6   Section        0  u8g2_buffer.o(i.u8g2_send_buffer)
    u8g2_send_buffer                         0x080063a7   Thumb Code    78  u8g2_buffer.o(i.u8g2_send_buffer)
    i.u8g2_update_dimension_common           0x080063f4   Section        0  u8g2_setup.o(i.u8g2_update_dimension_common)
    u8g2_update_dimension_common             0x080063f5   Thumb Code    70  u8g2_setup.o(i.u8g2_update_dimension_common)
    i.u8g2_update_dimension_r0               0x0800643a   Section        0  u8g2_setup.o(i.u8g2_update_dimension_r0)
    i.u8g2_update_page_win_r0                0x0800643e   Section        0  u8g2_setup.o(i.u8g2_update_page_win_r0)
    i.u8x8_DrawTile                          0x08006460   Section        0  u8x8_display.o(i.u8x8_DrawTile)
    i.u8x8_InitDisplay                       0x0800647e   Section        0  u8x8_display.o(i.u8x8_InitDisplay)
    i.u8x8_RefreshDisplay                    0x0800648e   Section        0  u8x8_display.o(i.u8x8_RefreshDisplay)
    i.u8x8_SetPowerSave                      0x0800649e   Section        0  u8x8_display.o(i.u8x8_SetPowerSave)
    i.u8x8_Setup                             0x080064ae   Section        0  u8x8_setup.o(i.u8x8_Setup)
    i.u8x8_SetupDefaults                     0x080064d0   Section        0  u8x8_setup.o(i.u8x8_SetupDefaults)
    i.u8x8_SetupMemory                       0x080064f4   Section        0  u8x8_display.o(i.u8x8_SetupMemory)
    i.u8x8_byte_EndTransfer                  0x08006504   Section        0  u8x8_byte.o(i.u8x8_byte_EndTransfer)
    i.u8x8_byte_SendByte                     0x08006514   Section        0  u8x8_byte.o(i.u8x8_byte_SendByte)
    i.u8x8_byte_StartTransfer                0x08006522   Section        0  u8x8_byte.o(i.u8x8_byte_StartTransfer)
    i.u8x8_byte_i2c                          0x08006534   Section        0  main.o(i.u8x8_byte_i2c)
    i.u8x8_cad_EndTransfer                   0x08006590   Section        0  u8x8_cad.o(i.u8x8_cad_EndTransfer)
    i.u8x8_cad_SendArg                       0x080065a0   Section        0  u8x8_cad.o(i.u8x8_cad_SendArg)
    i.u8x8_cad_SendCmd                       0x080065b0   Section        0  u8x8_cad.o(i.u8x8_cad_SendCmd)
    i.u8x8_cad_SendData                      0x080065c0   Section        0  u8x8_cad.o(i.u8x8_cad_SendData)
    i.u8x8_cad_SendSequence                  0x080065d0   Section        0  u8x8_cad.o(i.u8x8_cad_SendSequence)
    i.u8x8_cad_StartTransfer                 0x08006638   Section        0  u8x8_cad.o(i.u8x8_cad_StartTransfer)
    i.u8x8_cad_ssd13xx_fast_i2c              0x08006648   Section        0  u8x8_cad.o(i.u8x8_cad_ssd13xx_fast_i2c)
    i.u8x8_d_helper_display_init             0x08006704   Section        0  u8x8_display.o(i.u8x8_d_helper_display_init)
    i.u8x8_d_helper_display_setup_memory     0x08006764   Section        0  u8x8_display.o(i.u8x8_d_helper_display_setup_memory)
    i.u8x8_d_ssd1306_128x64_noname           0x08006770   Section        0  u8x8_d_ssd1306_128x64_noname.o(i.u8x8_d_ssd1306_128x64_noname)
    i.u8x8_d_ssd1306_sh1106_generic          0x080067ac   Section        0  u8x8_d_ssd1306_128x64_noname.o(i.u8x8_d_ssd1306_sh1106_generic)
    u8x8_d_ssd1306_sh1106_generic            0x080067ad   Thumb Code   196  u8x8_d_ssd1306_128x64_noname.o(i.u8x8_d_ssd1306_sh1106_generic)
    i.u8x8_dummy_cb                          0x08006874   Section        0  u8x8_setup.o(i.u8x8_dummy_cb)
    i.u8x8_gpio_and_delay                    0x08006878   Section        0  main.o(i.u8x8_gpio_and_delay)
    i.u8x8_gpio_call                         0x080068f0   Section        0  u8x8_gpio.o(i.u8x8_gpio_call)
    i.u8x8_i2c_data_transfer                 0x080068fc   Section        0  u8x8_cad.o(i.u8x8_i2c_data_transfer)
    u8x8_i2c_data_transfer                   0x080068fd   Thumb Code    44  u8x8_cad.o(i.u8x8_i2c_data_transfer)
    i.u8x8_utf8_init                         0x08006928   Section        0  u8x8_8x8.o(i.u8x8_utf8_init)
    i.u8x8_utf8_next                         0x08006930   Section        0  u8x8_8x8.o(i.u8x8_utf8_next)
    i.utf16_literal_to_utf8                  0x080069c0   Section        0  cjson.o(i.utf16_literal_to_utf8)
    utf16_literal_to_utf8                    0x080069c1   Thumb Code   210  cjson.o(i.utf16_literal_to_utf8)
    .constdata                               0x08006a92   Section        8  main.o(.constdata)
    .constdata                               0x08006a9a   Section       16  system_stm32f1xx.o(.constdata)
    .constdata                               0x08006aaa   Section        8  system_stm32f1xx.o(.constdata)
    .constdata                               0x08006ab2   Section     2000  u8g2_fonts.o(.constdata)
    .constdata                               0x08007284   Section       12  u8g2_setup.o(.constdata)
    .constdata                               0x08007290   Section      344  u8x8_d_ssd1306_128x64_noname.o(.constdata)
    u8x8_d_ssd1306_128x64_noname_powersave0_seq 0x08007290   Data           5  u8x8_d_ssd1306_128x64_noname.o(.constdata)
    u8x8_d_ssd1306_128x64_noname_powersave1_seq 0x08007295   Data           5  u8x8_d_ssd1306_128x64_noname.o(.constdata)
    u8x8_d_ssd1306_128x64_noname_flip0_seq   0x0800729a   Data           7  u8x8_d_ssd1306_128x64_noname.o(.constdata)
    u8x8_d_ssd1306_128x64_noname_flip1_seq   0x080072a1   Data           7  u8x8_d_ssd1306_128x64_noname.o(.constdata)
    u8x8_d_ssd1312_128x64_noname_flip0_seq   0x080072a8   Data           7  u8x8_d_ssd1306_128x64_noname.o(.constdata)
    u8x8_d_ssd1312_128x64_noname_flip1_seq   0x080072af   Data           7  u8x8_d_ssd1306_128x64_noname.o(.constdata)
    u8x8_d_ssd1306_128x64_noname_init_seq    0x080072b6   Data          53  u8x8_d_ssd1306_128x64_noname.o(.constdata)
    u8x8_d_ssd1306_128x64_vcomh0_init_seq    0x080072eb   Data          53  u8x8_d_ssd1306_128x64_noname.o(.constdata)
    u8x8_d_ssd1306_128x64_alt0_init_seq      0x08007320   Data          53  u8x8_d_ssd1306_128x64_noname.o(.constdata)
    u8x8_d_sh1106_128x64_winstar_init_seq    0x08007355   Data          45  u8x8_d_ssd1306_128x64_noname.o(.constdata)
    u8x8_d_ssd1312_128x64_noname_init_seq    0x08007382   Data          53  u8x8_d_ssd1306_128x64_noname.o(.constdata)
    u8x8_ssd1306_128x64_noname_display_info  0x080073b8   Data          24  u8x8_d_ssd1306_128x64_noname.o(.constdata)
    u8x8_sh1106_128x64_noname_display_info   0x080073d0   Data          24  u8x8_d_ssd1306_128x64_noname.o(.constdata)
    .constdata                               0x080073e8   Section      129  ctype_o.o(.constdata)
    .constdata                               0x0800746c   Section        4  ctype_o.o(.constdata)
    table                                    0x0800746c   Data           4  ctype_o.o(.constdata)
    .conststring                             0x08007470   Section       77  main.o(.conststring)
    .data                                    0x20000000   Section       21  main.o(.data)
    buf_idx                                  0x20000001   Data           1  main.o(.data)
    cnt                                      0x20000002   Data           2  main.o(.data)
    .data                                    0x20000018   Section       12  stm32f1xx_hal.o(.data)
    .data                                    0x20000024   Section        4  system_stm32f1xx.o(.data)
    .data                                    0x20000028   Section        6  esp8266.o(.data)
    .data                                    0x2000002e   Section        2  onenet.o(.data)
    pkt_id                                   0x2000002e   Data           2  onenet.o(.data)
    .data                                    0x20000030   Section        4  systick.o(.data)
    TimingDelay                              0x20000030   Data           4  systick.o(.data)
    .data                                    0x20000034   Section        6  u8x8_cad.o(.data)
    in_transfer                              0x20000034   Data           1  u8x8_cad.o(.data)
    in_transfer                              0x20000035   Data           1  u8x8_cad.o(.data)
    in_transfer                              0x20000036   Data           1  u8x8_cad.o(.data)
    is_data                                  0x20000037   Data           1  u8x8_cad.o(.data)
    in_transfer                              0x20000038   Data           1  u8x8_cad.o(.data)
    is_data                                  0x20000039   Data           1  u8x8_cad.o(.data)
    .data                                    0x2000003c   Section       20  cjson.o(.data)
    global_error                             0x2000003c   Data           8  cjson.o(.data)
    global_hooks                             0x20000044   Data          12  cjson.o(.data)
    .data                                    0x20000050   Section        4  stdout.o(.data)
    .data                                    0x20000054   Section        4  mvars.o(.data)
    .data                                    0x20000058   Section        4  mvars.o(.data)
    .data                                    0x2000005c   Section        4  errno.o(.data)
    _errno                                   0x2000005c   Data           4  errno.o(.data)
    .bss                                     0x20000060   Section      288  main.o(.bss)
    buffer                                   0x20000060   Data          32  main.o(.bss)
    .bss                                     0x20000180   Section      168  i2c.o(.bss)
    .bss                                     0x20000228   Section      144  tim.o(.bss)
    .bss                                     0x200002b8   Section      136  usart.o(.bss)
    .bss                                     0x20000340   Section      128  esp8266.o(.bss)
    .bss                                     0x200003c0   Section      128  u8g2_d_memory.o(.bss)
    buf                                      0x200003c0   Data         128  u8g2_d_memory.o(.bss)
    HEAP                                     0x20000440   Section      512  startup_stm32f103xe.o(HEAP)
    STACK                                    0x20000640   Section     1024  startup_stm32f103xe.o(STACK)

    Global Symbols

    Symbol Name                              Value     Ov Type        Size  Object(Section)

    BuildAttributes$$THM_ISAv4$P$D$K$B$S$PE$A:L22UL41UL21$X:L11$S22US41US21$IEEE1$IW$USESV6$~STKCKD$USESV7$~SHL$OTIME$ROPI$IEEEJ$EBA8$MICROLIB$REQ8$PRES8$EABIv2 0x00000000   Number         0  anon$$obj.o ABSOLUTE
    __ARM_use_no_argv                        0x00000000   Number         0  main.o ABSOLUTE
    _printf_a                                0x00000000   Number         0  stubs.o ABSOLUTE
    _printf_c                                0x00000000   Number         0  stubs.o ABSOLUTE
    _printf_charcount                        0x00000000   Number         0  stubs.o ABSOLUTE
    _printf_d                                0x00000000   Number         0  stubs.o ABSOLUTE
    _printf_e                                0x00000000   Number         0  stubs.o ABSOLUTE
    _printf_f                                0x00000000   Number         0  stubs.o ABSOLUTE
    _printf_flags                            0x00000000   Number         0  stubs.o ABSOLUTE
    _printf_fp_dec                           0x00000000   Number         0  stubs.o ABSOLUTE
    _printf_fp_hex                           0x00000000   Number         0  stubs.o ABSOLUTE
    _printf_g                                0x00000000   Number         0  stubs.o ABSOLUTE
    _printf_i                                0x00000000   Number         0  stubs.o ABSOLUTE
    _printf_int_dec                          0x00000000   Number         0  stubs.o ABSOLUTE
    _printf_l                                0x00000000   Number         0  stubs.o ABSOLUTE
    _printf_lc                               0x00000000   Number         0  stubs.o ABSOLUTE
    _printf_ll                               0x00000000   Number         0  stubs.o ABSOLUTE
    _printf_lld                              0x00000000   Number         0  stubs.o ABSOLUTE
    _printf_lli                              0x00000000   Number         0  stubs.o ABSOLUTE
    _printf_llo                              0x00000000   Number         0  stubs.o ABSOLUTE
    _printf_llu                              0x00000000   Number         0  stubs.o ABSOLUTE
    _printf_llx                              0x00000000   Number         0  stubs.o ABSOLUTE
    _printf_longlong_dec                     0x00000000   Number         0  stubs.o ABSOLUTE
    _printf_longlong_hex                     0x00000000   Number         0  stubs.o ABSOLUTE
    _printf_longlong_oct                     0x00000000   Number         0  stubs.o ABSOLUTE
    _printf_ls                               0x00000000   Number         0  stubs.o ABSOLUTE
    _printf_mbtowc                           0x00000000   Number         0  stubs.o ABSOLUTE
    _printf_n                                0x00000000   Number         0  stubs.o ABSOLUTE
    _printf_o                                0x00000000   Number         0  stubs.o ABSOLUTE
    _printf_p                                0x00000000   Number         0  stubs.o ABSOLUTE
    _printf_percent                          0x00000000   Number         0  stubs.o ABSOLUTE
    _printf_pre_padding                      0x00000000   Number         0  stubs.o ABSOLUTE
    _printf_return_value                     0x00000000   Number         0  stubs.o ABSOLUTE
    _printf_s                                0x00000000   Number         0  stubs.o ABSOLUTE
    _printf_sizespec                         0x00000000   Number         0  stubs.o ABSOLUTE
    _printf_str                              0x00000000   Number         0  stubs.o ABSOLUTE
    _printf_truncate_signed                  0x00000000   Number         0  stubs.o ABSOLUTE
    _printf_truncate_unsigned                0x00000000   Number         0  stubs.o ABSOLUTE
    _printf_u                                0x00000000   Number         0  stubs.o ABSOLUTE
    _printf_wc                               0x00000000   Number         0  stubs.o ABSOLUTE
    _printf_wctomb                           0x00000000   Number         0  stubs.o ABSOLUTE
    _printf_widthprec                        0x00000000   Number         0  stubs.o ABSOLUTE
    _printf_x                                0x00000000   Number         0  stubs.o ABSOLUTE
    __cpp_initialize__aeabi_                  - Undefined Weak Reference
    __cxa_finalize                            - Undefined Weak Reference
    __decompress                              - Undefined Weak Reference
    _clock_init                               - Undefined Weak Reference
    _microlib_exit                            - Undefined Weak Reference
    _scanf_int                                - Undefined Weak Reference
    _scanf_longlong                           - Undefined Weak Reference
    _scanf_string                             - Undefined Weak Reference
    __Vectors_Size                           0x00000130   Number         0  startup_stm32f103xe.o ABSOLUTE
    __Vectors                                0x08000000   Data           4  startup_stm32f103xe.o(RESET)
    __Vectors_End                            0x08000130   Data           0  startup_stm32f103xe.o(RESET)
    __main                                   0x08000131   Thumb Code     0  entry.o(.ARM.Collect$$$$00000000)
    _main_stk                                0x08000131   Thumb Code     0  entry2.o(.ARM.Collect$$$$00000001)
    _main_scatterload                        0x08000135   Thumb Code     0  entry5.o(.ARM.Collect$$$$00000004)
    __main_after_scatterload                 0x08000139   Thumb Code     0  entry5.o(.ARM.Collect$$$$00000004)
    _main_clock                              0x08000139   Thumb Code     0  entry7b.o(.ARM.Collect$$$$00000008)
    _main_cpp_init                           0x08000139   Thumb Code     0  entry8b.o(.ARM.Collect$$$$0000000A)
    _main_init                               0x08000139   Thumb Code     0  entry9a.o(.ARM.Collect$$$$0000000B)
    __rt_final_cpp                           0x08000141   Thumb Code     0  entry10a.o(.ARM.Collect$$$$0000000D)
    __rt_final_exit                          0x08000141   Thumb Code     0  entry11a.o(.ARM.Collect$$$$0000000F)
    Reset_Handler                            0x08000145   Thumb Code     8  startup_stm32f103xe.o(.text)
    ADC1_2_IRQHandler                        0x0800015f   Thumb Code     0  startup_stm32f103xe.o(.text)
    ADC3_IRQHandler                          0x0800015f   Thumb Code     0  startup_stm32f103xe.o(.text)
    CAN1_RX1_IRQHandler                      0x0800015f   Thumb Code     0  startup_stm32f103xe.o(.text)
    CAN1_SCE_IRQHandler                      0x0800015f   Thumb Code     0  startup_stm32f103xe.o(.text)
    DMA1_Channel1_IRQHandler                 0x0800015f   Thumb Code     0  startup_stm32f103xe.o(.text)
    DMA1_Channel2_IRQHandler                 0x0800015f   Thumb Code     0  startup_stm32f103xe.o(.text)
    DMA1_Channel3_IRQHandler                 0x0800015f   Thumb Code     0  startup_stm32f103xe.o(.text)
    DMA1_Channel4_IRQHandler                 0x0800015f   Thumb Code     0  startup_stm32f103xe.o(.text)
    DMA1_Channel5_IRQHandler                 0x0800015f   Thumb Code     0  startup_stm32f103xe.o(.text)
    DMA1_Channel6_IRQHandler                 0x0800015f   Thumb Code     0  startup_stm32f103xe.o(.text)
    DMA1_Channel7_IRQHandler                 0x0800015f   Thumb Code     0  startup_stm32f103xe.o(.text)
    DMA2_Channel1_IRQHandler                 0x0800015f   Thumb Code     0  startup_stm32f103xe.o(.text)
    DMA2_Channel2_IRQHandler                 0x0800015f   Thumb Code     0  startup_stm32f103xe.o(.text)
    DMA2_Channel3_IRQHandler                 0x0800015f   Thumb Code     0  startup_stm32f103xe.o(.text)
    DMA2_Channel4_5_IRQHandler               0x0800015f   Thumb Code     0  startup_stm32f103xe.o(.text)
    EXTI0_IRQHandler                         0x0800015f   Thumb Code     0  startup_stm32f103xe.o(.text)
    EXTI15_10_IRQHandler                     0x0800015f   Thumb Code     0  startup_stm32f103xe.o(.text)
    EXTI1_IRQHandler                         0x0800015f   Thumb Code     0  startup_stm32f103xe.o(.text)
    EXTI2_IRQHandler                         0x0800015f   Thumb Code     0  startup_stm32f103xe.o(.text)
    EXTI3_IRQHandler                         0x0800015f   Thumb Code     0  startup_stm32f103xe.o(.text)
    EXTI4_IRQHandler                         0x0800015f   Thumb Code     0  startup_stm32f103xe.o(.text)
    EXTI9_5_IRQHandler                       0x0800015f   Thumb Code     0  startup_stm32f103xe.o(.text)
    FLASH_IRQHandler                         0x0800015f   Thumb Code     0  startup_stm32f103xe.o(.text)
    FSMC_IRQHandler                          0x0800015f   Thumb Code     0  startup_stm32f103xe.o(.text)
    I2C1_ER_IRQHandler                       0x0800015f   Thumb Code     0  startup_stm32f103xe.o(.text)
    I2C1_EV_IRQHandler                       0x0800015f   Thumb Code     0  startup_stm32f103xe.o(.text)
    I2C2_ER_IRQHandler                       0x0800015f   Thumb Code     0  startup_stm32f103xe.o(.text)
    I2C2_EV_IRQHandler                       0x0800015f   Thumb Code     0  startup_stm32f103xe.o(.text)
    PVD_IRQHandler                           0x0800015f   Thumb Code     0  startup_stm32f103xe.o(.text)
    RCC_IRQHandler                           0x0800015f   Thumb Code     0  startup_stm32f103xe.o(.text)
    RTC_Alarm_IRQHandler                     0x0800015f   Thumb Code     0  startup_stm32f103xe.o(.text)
    RTC_IRQHandler                           0x0800015f   Thumb Code     0  startup_stm32f103xe.o(.text)
    SDIO_IRQHandler                          0x0800015f   Thumb Code     0  startup_stm32f103xe.o(.text)
    SPI1_IRQHandler                          0x0800015f   Thumb Code     0  startup_stm32f103xe.o(.text)
    SPI2_IRQHandler                          0x0800015f   Thumb Code     0  startup_stm32f103xe.o(.text)
    SPI3_IRQHandler                          0x0800015f   Thumb Code     0  startup_stm32f103xe.o(.text)
    TAMPER_IRQHandler                        0x0800015f   Thumb Code     0  startup_stm32f103xe.o(.text)
    TIM1_BRK_IRQHandler                      0x0800015f   Thumb Code     0  startup_stm32f103xe.o(.text)
    TIM1_CC_IRQHandler                       0x0800015f   Thumb Code     0  startup_stm32f103xe.o(.text)
    TIM1_TRG_COM_IRQHandler                  0x0800015f   Thumb Code     0  startup_stm32f103xe.o(.text)
    TIM1_UP_IRQHandler                       0x0800015f   Thumb Code     0  startup_stm32f103xe.o(.text)
    TIM2_IRQHandler                          0x0800015f   Thumb Code     0  startup_stm32f103xe.o(.text)
    TIM3_IRQHandler                          0x0800015f   Thumb Code     0  startup_stm32f103xe.o(.text)
    TIM4_IRQHandler                          0x0800015f   Thumb Code     0  startup_stm32f103xe.o(.text)
    TIM5_IRQHandler                          0x0800015f   Thumb Code     0  startup_stm32f103xe.o(.text)
    TIM6_IRQHandler                          0x0800015f   Thumb Code     0  startup_stm32f103xe.o(.text)
    TIM8_BRK_IRQHandler                      0x0800015f   Thumb Code     0  startup_stm32f103xe.o(.text)
    TIM8_CC_IRQHandler                       0x0800015f   Thumb Code     0  startup_stm32f103xe.o(.text)
    TIM8_TRG_COM_IRQHandler                  0x0800015f   Thumb Code     0  startup_stm32f103xe.o(.text)
    TIM8_UP_IRQHandler                       0x0800015f   Thumb Code     0  startup_stm32f103xe.o(.text)
    UART4_IRQHandler                         0x0800015f   Thumb Code     0  startup_stm32f103xe.o(.text)
    UART5_IRQHandler                         0x0800015f   Thumb Code     0  startup_stm32f103xe.o(.text)
    USART1_IRQHandler                        0x0800015f   Thumb Code     0  startup_stm32f103xe.o(.text)
    USART3_IRQHandler                        0x0800015f   Thumb Code     0  startup_stm32f103xe.o(.text)
    USBWakeUp_IRQHandler                     0x0800015f   Thumb Code     0  startup_stm32f103xe.o(.text)
    USB_HP_CAN1_TX_IRQHandler                0x0800015f   Thumb Code     0  startup_stm32f103xe.o(.text)
    USB_LP_CAN1_RX0_IRQHandler               0x0800015f   Thumb Code     0  startup_stm32f103xe.o(.text)
    WWDG_IRQHandler                          0x0800015f   Thumb Code     0  startup_stm32f103xe.o(.text)
    __aeabi_llsr                             0x08000169   Thumb Code    32  llushr.o(.text)
    _ll_ushift_r                             0x08000169   Thumb Code     0  llushr.o(.text)
    tolower                                  0x08000189   Thumb Code    12  tolower.o(.text)
    __aeabi_memcpy                           0x08000195   Thumb Code    36  memcpya.o(.text)
    __aeabi_memcpy4                          0x08000195   Thumb Code     0  memcpya.o(.text)
    __aeabi_memcpy8                          0x08000195   Thumb Code     0  memcpya.o(.text)
    __aeabi_memset                           0x080001b9   Thumb Code    14  memseta.o(.text)
    __aeabi_memset4                          0x080001b9   Thumb Code     0  memseta.o(.text)
    __aeabi_memset8                          0x080001b9   Thumb Code     0  memseta.o(.text)
    __aeabi_memclr                           0x080001c7   Thumb Code     4  memseta.o(.text)
    __aeabi_memclr4                          0x080001c7   Thumb Code     0  memseta.o(.text)
    __aeabi_memclr8                          0x080001c7   Thumb Code     0  memseta.o(.text)
    _memset$wrapper                          0x080001cb   Thumb Code    18  memseta.o(.text)
    strstr                                   0x080001dd   Thumb Code    36  strstr.o(.text)
    strchr                                   0x08000201   Thumb Code    20  strchr.o(.text)
    strlen                                   0x08000215   Thumb Code    14  strlen.o(.text)
    strcmp                                   0x08000223   Thumb Code    28  strcmp.o(.text)
    strncat                                  0x0800023f   Thumb Code    40  strncat.o(.text)
    strncmp                                  0x08000267   Thumb Code    30  strncmp.o(.text)
    _scanf_real                              0x08000385   Thumb Code     0  scanf_fp.o(.text)
    _scanf_really_real                       0x08000385   Thumb Code   556  scanf_fp.o(.text)
    atoi                                     0x080005bd   Thumb Code    26  atoi.o(.text)
    __aeabi_dadd                             0x080005d7   Thumb Code   322  dadd.o(.text)
    __aeabi_dsub                             0x08000719   Thumb Code     6  dadd.o(.text)
    __aeabi_drsub                            0x0800071f   Thumb Code     6  dadd.o(.text)
    __aeabi_dmul                             0x08000725   Thumb Code   228  dmul.o(.text)
    __aeabi_ddiv                             0x08000809   Thumb Code   222  ddiv.o(.text)
    __aeabi_ui2d                             0x080008e7   Thumb Code    26  dfltui.o(.text)
    __aeabi_d2iz                             0x08000901   Thumb Code    62  dfixi.o(.text)
    __aeabi_cdcmpeq                          0x08000941   Thumb Code     0  cdcmple.o(.text)
    __aeabi_cdcmple                          0x08000941   Thumb Code    48  cdcmple.o(.text)
    __aeabi_cdrcmple                         0x08000971   Thumb Code    48  cdrcmple.o(.text)
    __aeabi_uidiv                            0x080009a1   Thumb Code     0  uidiv.o(.text)
    __aeabi_uidivmod                         0x080009a1   Thumb Code    44  uidiv.o(.text)
    __aeabi_uldivmod                         0x080009cd   Thumb Code    98  uldiv.o(.text)
    __aeabi_llsl                             0x08000a2f   Thumb Code    30  llshl.o(.text)
    _ll_shift_l                              0x08000a2f   Thumb Code     0  llshl.o(.text)
    __aeabi_lasr                             0x08000a4d   Thumb Code    36  llsshr.o(.text)
    _ll_sshift_r                             0x08000a4d   Thumb Code     0  llsshr.o(.text)
    _sgetc                                   0x08000a71   Thumb Code    30  _sgetc.o(.text)
    _sbackspace                              0x08000a8f   Thumb Code    34  _sgetc.o(.text)
    __strtod_int                             0x08000ae7   Thumb Code    88  strtod.o(.text)
    strtol                                   0x08000b4d   Thumb Code   112  strtol.o(.text)
    __I$use$fp                               0x08000bbd   Thumb Code     0  iusefp.o(.text)
    _double_round                            0x08000bbd   Thumb Code    30  depilogue.o(.text)
    _double_epilogue                         0x08000bdb   Thumb Code   156  depilogue.o(.text)
    __aeabi_ul2d                             0x08000c77   Thumb Code    24  dfltul.o(.text)
    __aeabi_d2ulz                            0x08000c8f   Thumb Code    48  dfixul.o(.text)
    __aeabi_d2f                              0x08000cbf   Thumb Code    56  d2f.o(.text)
    __scatterload                            0x08000cf9   Thumb Code    28  init.o(.text)
    __scatterload_rt2                        0x08000cf9   Thumb Code     0  init.o(.text)
    __rt_ctype_table                         0x08000d1d   Thumb Code     4  ctype_o.o(.text)
    isspace                                  0x08000d25   Thumb Code    18  isspace_o.o(.text)
    _strtoul                                 0x08000d37   Thumb Code   158  _strtoul.o(.text)
    _float_round                             0x08000dd5   Thumb Code    18  fepilogue.o(.text)
    _float_epilogue                          0x08000de7   Thumb Code    92  fepilogue.o(.text)
    _chval                                   0x08000e43   Thumb Code    28  _chval.o(.text)
    BusFault_Handler                         0x08000e5f   Thumb Code     2  stm32f1xx_it.o(i.BusFault_Handler)
    DHT11_Init                               0x08000e61   Thumb Code    82  dht11.o(i.DHT11_Init)
    DHT11_Read_TempAndHumidity               0x08000f45   Thumb Code   172  dht11.o(i.DHT11_Read_TempAndHumidity)
    DebugMon_Handler                         0x08000ff5   Thumb Code     2  stm32f1xx_it.o(i.DebugMon_Handler)
    Delay_us                                 0x08000ff9   Thumb Code    16  systick.o(i.Delay_us)
    ESP8266_Clear                            0x0800100d   Thumb Code    18  esp8266.o(i.ESP8266_Clear)
    ESP8266_GetIPD                           0x08001029   Thumb Code    50  esp8266.o(i.ESP8266_GetIPD)
    ESP8266_Init                             0x08001069   Thumb Code   228  esp8266.o(i.ESP8266_Init)
    ESP8266_SendCmd                          0x08001269   Thumb Code   160  esp8266.o(i.ESP8266_SendCmd)
    ESP8266_SendData                         0x08001311   Thumb Code   132  esp8266.o(i.ESP8266_SendData)
    ESP8266_WaitRecive                       0x080013ad   Thumb Code    28  esp8266.o(i.ESP8266_WaitRecive)
    Error_Handler                            0x080013cd   Thumb Code     4  main.o(i.Error_Handler)
    Get_BH1750_Value                         0x080013d1   Thumb Code    94  bh1750.o(i.Get_BH1750_Value)
    HAL_DMA_Abort                            0x08001439   Thumb Code    70  stm32f1xx_hal_dma.o(i.HAL_DMA_Abort)
    HAL_DMA_Abort_IT                         0x08001481   Thumb Code   296  stm32f1xx_hal_dma.o(i.HAL_DMA_Abort_IT)
    HAL_Delay                                0x080015b1   Thumb Code    32  stm32f1xx_hal.o(i.HAL_Delay)
    HAL_Delay_ms                             0x080015d5   Thumb Code    20  tim.o(i.HAL_Delay_ms)
    HAL_Delay_us                             0x080015e9   Thumb Code    54  tim.o(i.HAL_Delay_us)
    HAL_GPIO_Init                            0x08001625   Thumb Code   462  stm32f1xx_hal_gpio.o(i.HAL_GPIO_Init)
    HAL_GPIO_ReadPin                         0x0800181d   Thumb Code    10  stm32f1xx_hal_gpio.o(i.HAL_GPIO_ReadPin)
    HAL_GPIO_WritePin                        0x08001827   Thumb Code    10  stm32f1xx_hal_gpio.o(i.HAL_GPIO_WritePin)
    HAL_GetTick                              0x08001831   Thumb Code     6  stm32f1xx_hal.o(i.HAL_GetTick)
    HAL_I2C_Init                             0x0800183d   Thumb Code   376  stm32f1xx_hal_i2c.o(i.HAL_I2C_Init)
    HAL_I2C_Master_Receive                   0x080019c5   Thumb Code   564  stm32f1xx_hal_i2c.o(i.HAL_I2C_Master_Receive)
    HAL_I2C_Master_Transmit                  0x08001c09   Thumb Code   290  stm32f1xx_hal_i2c.o(i.HAL_I2C_Master_Transmit)
    HAL_I2C_MspInit                          0x08001d35   Thumb Code   134  i2c.o(i.HAL_I2C_MspInit)
    HAL_IncTick                              0x08001dcd   Thumb Code    12  stm32f1xx_hal.o(i.HAL_IncTick)
    HAL_Init                                 0x08001ddd   Thumb Code    32  stm32f1xx_hal.o(i.HAL_Init)
    HAL_InitTick                             0x08001e01   Thumb Code    54  stm32f1xx_hal.o(i.HAL_InitTick)
    HAL_MspInit                              0x08001e41   Thumb Code    58  stm32f1xx_hal_msp.o(i.HAL_MspInit)
    HAL_NVIC_EnableIRQ                       0x08001e85   Thumb Code    26  stm32f1xx_hal_cortex.o(i.HAL_NVIC_EnableIRQ)
    HAL_NVIC_SetPriority                     0x08001ea1   Thumb Code    60  stm32f1xx_hal_cortex.o(i.HAL_NVIC_SetPriority)
    HAL_NVIC_SetPriorityGrouping             0x08001ee1   Thumb Code    26  stm32f1xx_hal_cortex.o(i.HAL_NVIC_SetPriorityGrouping)
    HAL_RCC_ClockConfig                      0x08001f05   Thumb Code   280  stm32f1xx_hal_rcc.o(i.HAL_RCC_ClockConfig)
    HAL_RCC_GetPCLK1Freq                     0x08002031   Thumb Code    20  stm32f1xx_hal_rcc.o(i.HAL_RCC_GetPCLK1Freq)
    HAL_RCC_GetPCLK2Freq                     0x08002051   Thumb Code    20  stm32f1xx_hal_rcc.o(i.HAL_RCC_GetPCLK2Freq)
    HAL_RCC_GetSysClockFreq                  0x08002071   Thumb Code    74  stm32f1xx_hal_rcc.o(i.HAL_RCC_GetSysClockFreq)
    HAL_RCC_OscConfig                        0x080020dd   Thumb Code   778  stm32f1xx_hal_rcc.o(i.HAL_RCC_OscConfig)
    HAL_SYSTICK_Config                       0x080023fd   Thumb Code    40  stm32f1xx_hal_cortex.o(i.HAL_SYSTICK_Config)
    HAL_TIMEx_BreakCallback                  0x08002425   Thumb Code     2  stm32f1xx_hal_tim_ex.o(i.HAL_TIMEx_BreakCallback)
    HAL_TIMEx_CommutCallback                 0x08002427   Thumb Code     2  stm32f1xx_hal_tim_ex.o(i.HAL_TIMEx_CommutCallback)
    HAL_TIMEx_MasterConfigSynchronization    0x08002429   Thumb Code   104  stm32f1xx_hal_tim_ex.o(i.HAL_TIMEx_MasterConfigSynchronization)
    HAL_TIM_Base_Init                        0x080024a5   Thumb Code    90  stm32f1xx_hal_tim.o(i.HAL_TIM_Base_Init)
    HAL_TIM_Base_MspInit                     0x08002501   Thumb Code    72  tim.o(i.HAL_TIM_Base_MspInit)
    HAL_TIM_Base_Start_IT                    0x08002555   Thumb Code    88  stm32f1xx_hal_tim.o(i.HAL_TIM_Base_Start_IT)
    HAL_TIM_IC_CaptureCallback               0x080025c1   Thumb Code     2  stm32f1xx_hal_tim.o(i.HAL_TIM_IC_CaptureCallback)
    HAL_TIM_IRQHandler                       0x080025c3   Thumb Code   358  stm32f1xx_hal_tim.o(i.HAL_TIM_IRQHandler)
    HAL_TIM_OC_DelayElapsedCallback          0x08002729   Thumb Code     2  stm32f1xx_hal_tim.o(i.HAL_TIM_OC_DelayElapsedCallback)
    HAL_TIM_PWM_PulseFinishedCallback        0x0800272b   Thumb Code     2  stm32f1xx_hal_tim.o(i.HAL_TIM_PWM_PulseFinishedCallback)
    HAL_TIM_PeriodElapsedCallback            0x0800272d   Thumb Code    10  main.o(i.HAL_TIM_PeriodElapsedCallback)
    HAL_TIM_TriggerCallback                  0x0800273d   Thumb Code     2  stm32f1xx_hal_tim.o(i.HAL_TIM_TriggerCallback)
    HAL_UARTEx_RxEventCallback               0x0800273f   Thumb Code     2  stm32f1xx_hal_uart.o(i.HAL_UARTEx_RxEventCallback)
    HAL_UART_ErrorCallback                   0x08002741   Thumb Code     2  stm32f1xx_hal_uart.o(i.HAL_UART_ErrorCallback)
    HAL_UART_IRQHandler                      0x08002745   Thumb Code   520  stm32f1xx_hal_uart.o(i.HAL_UART_IRQHandler)
    HAL_UART_Init                            0x08002951   Thumb Code    98  stm32f1xx_hal_uart.o(i.HAL_UART_Init)
    HAL_UART_MspInit                         0x080029b5   Thumb Code   186  usart.o(i.HAL_UART_MspInit)
    HAL_UART_Receive_IT                      0x08002a81   Thumb Code    42  stm32f1xx_hal_uart.o(i.HAL_UART_Receive_IT)
    HAL_UART_RxCpltCallback                  0x08002aad   Thumb Code    44  esp8266.o(i.HAL_UART_RxCpltCallback)
    HAL_UART_Transmit                        0x08002ae9   Thumb Code   178  stm32f1xx_hal_uart.o(i.HAL_UART_Transmit)
    HAL_UART_TxCpltCallback                  0x08002b9b   Thumb Code     2  stm32f1xx_hal_uart.o(i.HAL_UART_TxCpltCallback)
    HardFault_Handler                        0x08002b9d   Thumb Code     2  stm32f1xx_it.o(i.HardFault_Handler)
    LED_R_OFF                                0x08002f51   Thumb Code    10  led.o(i.LED_R_OFF)
    LED_R_ON                                 0x08002f61   Thumb Code    10  led.o(i.LED_R_ON)
    MQTT_DeleteBuffer                        0x08002f71   Thumb Code    28  mqttkit.o(i.MQTT_DeleteBuffer)
    MQTT_DumpLength                          0x08002f8d   Thumb Code    38  mqttkit.o(i.MQTT_DumpLength)
    MQTT_NewBuffer                           0x08002fb3   Thumb Code    82  mqttkit.o(i.MQTT_NewBuffer)
    MQTT_PacketCmdResp                       0x08003005   Thumb Code   114  mqttkit.o(i.MQTT_PacketCmdResp)
    MQTT_PacketConnect                       0x08003081   Thumb Code   606  mqttkit.o(i.MQTT_PacketConnect)
    MQTT_PacketPing                          0x080032e5   Thumb Code    44  mqttkit.o(i.MQTT_PacketPing)
    MQTT_PacketPublish                       0x08003311   Thumb Code   346  mqttkit.o(i.MQTT_PacketPublish)
    MQTT_PacketPublishComp                   0x0800346b   Thumb Code    70  mqttkit.o(i.MQTT_PacketPublishComp)
    MQTT_PacketPublishRel                    0x080034b1   Thumb Code    70  mqttkit.o(i.MQTT_PacketPublishRel)
    MQTT_PacketSubscribe                     0x080034f7   Thumb Code   218  mqttkit.o(i.MQTT_PacketSubscribe)
    MQTT_Ping                                0x080035d1   Thumb Code   138  esp8266.o(i.MQTT_Ping)
    MQTT_ReadLength                          0x080036d1   Thumb Code    62  mqttkit.o(i.MQTT_ReadLength)
    MQTT_UnPacketCmd                         0x0800370f   Thumb Code   130  mqttkit.o(i.MQTT_UnPacketCmd)
    MQTT_UnPacketConnectAck                  0x08003791   Thumb Code    26  mqttkit.o(i.MQTT_UnPacketConnectAck)
    MQTT_UnPacketPublish                     0x080037ad   Thumb Code   326  mqttkit.o(i.MQTT_UnPacketPublish)
    MQTT_UnPacketPublishAck                  0x080038fd   Thumb Code    24  mqttkit.o(i.MQTT_UnPacketPublishAck)
    MQTT_UnPacketPublishComp                 0x08003915   Thumb Code    24  mqttkit.o(i.MQTT_UnPacketPublishComp)
    MQTT_UnPacketPublishRec                  0x0800392d   Thumb Code    24  mqttkit.o(i.MQTT_UnPacketPublishRec)
    MQTT_UnPacketPublishRel                  0x08003945   Thumb Code    30  mqttkit.o(i.MQTT_UnPacketPublishRel)
    MQTT_UnPacketRecv                        0x08003965   Thumb Code    86  mqttkit.o(i.MQTT_UnPacketRecv)
    MQTT_UnPacketSubscribe                   0x080039c5   Thumb Code    44  mqttkit.o(i.MQTT_UnPacketSubscribe)
    MQTT_UnPacketUnSubscribe                 0x080039f1   Thumb Code    18  mqttkit.o(i.MQTT_UnPacketUnSubscribe)
    MX_GPIO_Init                             0x08003a05   Thumb Code   180  gpio.o(i.MX_GPIO_Init)
    MX_I2C1_Init                             0x08003ac9   Thumb Code    50  i2c.o(i.MX_I2C1_Init)
    MX_I2C2_Init                             0x08003b09   Thumb Code    50  i2c.o(i.MX_I2C2_Init)
    MX_TIM6_Init                             0x08003b49   Thumb Code    60  tim.o(i.MX_TIM6_Init)
    MX_TIM7_Init                             0x08003b8d   Thumb Code    60  tim.o(i.MX_TIM7_Init)
    MX_USART1_UART_Init                      0x08003bd1   Thumb Code    48  usart.o(i.MX_USART1_UART_Init)
    MX_USART2_UART_Init                      0x08003c09   Thumb Code    66  usart.o(i.MX_USART2_UART_Init)
    MemManage_Handler                        0x08003c59   Thumb Code     2  stm32f1xx_it.o(i.MemManage_Handler)
    NMI_Handler                              0x08003c5b   Thumb Code     2  stm32f1xx_it.o(i.NMI_Handler)
    OneNet_DevLink                           0x08003c5d   Thumb Code   162  onenet.o(i.OneNet_DevLink)
    OneNet_Publish                           0x08003e59   Thumb Code   100  onenet.o(i.OneNet_Publish)
    OneNet_RevPro                            0x08003f35   Thumb Code   452  onenet.o(i.OneNet_RevPro)
    OneNet_Subscribe                         0x0800429d   Thumb Code    78  onenet.o(i.OneNet_Subscribe)
    PendSV_Handler                           0x08004305   Thumb Code     2  stm32f1xx_it.o(i.PendSV_Handler)
    SVC_Handler                              0x08004307   Thumb Code     2  stm32f1xx_it.o(i.SVC_Handler)
    SysTick_Handler                          0x08004309   Thumb Code     4  stm32f1xx_it.o(i.SysTick_Handler)
    SystemClock_Config                       0x0800430d   Thumb Code    94  main.o(i.SystemClock_Config)
    SystemInit                               0x0800436b   Thumb Code     2  system_stm32f1xx.o(i.SystemInit)
    TIM7_IRQHandler                          0x0800436d   Thumb Code     6  stm32f1xx_it.o(i.TIM7_IRQHandler)
    TIM_Base_SetConfig                       0x08004379   Thumb Code   120  stm32f1xx_hal_tim.o(i.TIM_Base_SetConfig)
    UART_Start_Receive_IT                    0x080045b5   Thumb Code    54  stm32f1xx_hal_uart.o(i.UART_Start_Receive_IT)
    USART2_IRQHandler                        0x08004651   Thumb Code     6  stm32f1xx_it.o(i.USART2_IRQHandler)
    UsageFault_Handler                       0x0800465d   Thumb Code     2  stm32f1xx_it.o(i.UsageFault_Handler)
    Usart_SendString                         0x0800465f   Thumb Code    24  usart.o(i.Usart_SendString)
    __0printf                                0x08004679   Thumb Code    22  printfa.o(i.__0printf)
    __1printf                                0x08004679   Thumb Code     0  printfa.o(i.__0printf)
    __2printf                                0x08004679   Thumb Code     0  printfa.o(i.__0printf)
    __c89printf                              0x08004679   Thumb Code     0  printfa.o(i.__0printf)
    printf                                   0x08004679   Thumb Code     0  printfa.o(i.__0printf)
    __0sprintf                               0x08004699   Thumb Code    34  printfa.o(i.__0sprintf)
    __1sprintf                               0x08004699   Thumb Code     0  printfa.o(i.__0sprintf)
    __2sprintf                               0x08004699   Thumb Code     0  printfa.o(i.__0sprintf)
    __c89sprintf                             0x08004699   Thumb Code     0  printfa.o(i.__0sprintf)
    sprintf                                  0x08004699   Thumb Code     0  printfa.o(i.__0sprintf)
    __aeabi_errno_addr                       0x080046e1   Thumb Code     4  errno.o(i.__aeabi_errno_addr)
    __rt_errno_addr                          0x080046e1   Thumb Code     0  errno.o(i.__aeabi_errno_addr)
    free                                     0x080046e9   Thumb Code    88  mallocr.o(i.__free$realloc)
    malloc                                   0x08004745   Thumb Code    64  mallocr.o(i.__malloc$realloc)
    __scatterload_copy                       0x08004795   Thumb Code    14  handlers.o(i.__scatterload_copy)
    __scatterload_null                       0x080047a3   Thumb Code     2  handlers.o(i.__scatterload_null)
    __scatterload_zeroinit                   0x080047a5   Thumb Code    14  handlers.o(i.__scatterload_zeroinit)
    _is_digit                                0x08004919   Thumb Code    14  scanf_fp.o(i._is_digit)
    cJSON_Delete                             0x08005091   Thumb Code    66  cjson.o(i.cJSON_Delete)
    cJSON_GetErrorPtr                        0x080050d9   Thumb Code    10  cjson.o(i.cJSON_GetErrorPtr)
    cJSON_GetObjectItem                      0x080050e9   Thumb Code     6  cjson.o(i.cJSON_GetObjectItem)
    cJSON_Parse                              0x08005105   Thumb Code     8  cjson.o(i.cJSON_Parse)
    cJSON_ParseWithLengthOpts                0x0800510d   Thumb Code   210  cjson.o(i.cJSON_ParseWithLengthOpts)
    cJSON_ParseWithOpts                      0x080051e9   Thumb Code    34  cjson.o(i.cJSON_ParseWithOpts)
    dataDisplay                              0x0800520d   Thumb Code   102  ui.o(i.dataDisplay)
    fputc                                    0x080052c1   Thumb Code    20  usart.o(i.fputc)
    main                                     0x080053a5   Thumb Code   364  main.o(i.main)
    realloc                                  0x08005ad5   Thumb Code   102  mallocr.o(i.realloc)
    strtod                                   0x08005b41   Thumb Code    28  strtod.o(i.strtod)
    u8g2_ClearBuffer                         0x08005b5d   Thumb Code    18  u8g2_buffer.o(i.u8g2_ClearBuffer)
    u8g2_DrawGlyph                           0x08005b6f   Thumb Code   112  u8g2_font.o(i.u8g2_DrawGlyph)
    u8g2_DrawHVLine                          0x08005be1   Thumb Code   172  u8g2_hvline.o(i.u8g2_DrawHVLine)
    u8g2_DrawUTF8                            0x08005c8d   Thumb Code    12  u8g2_font.o(i.u8g2_DrawUTF8)
    u8g2_FirstPage                           0x08005c9d   Thumb Code    28  u8g2_buffer.o(i.u8g2_FirstPage)
    u8g2_IsIntersection                      0x08005cb9   Thumb Code    48  u8g2_intersection.o(i.u8g2_IsIntersection)
    u8g2_NextPage                            0x08005ce9   Thumb Code    62  u8g2_buffer.o(i.u8g2_NextPage)
    u8g2_SendBuffer                          0x08005d27   Thumb Code    18  u8g2_buffer.o(i.u8g2_SendBuffer)
    u8g2_SetBufferCurrTileRow                0x08005d39   Thumb Code    28  u8g2_buffer.o(i.u8g2_SetBufferCurrTileRow)
    u8g2_SetFont                             0x08005d55   Thumb Code    32  u8g2_font.o(i.u8g2_SetFont)
    u8g2_SetFontPosBaseline                  0x08005d75   Thumb Code     6  u8g2_font.o(i.u8g2_SetFontPosBaseline)
    u8g2_SetMaxClipWindow                    0x08005d81   Thumb Code    28  u8g2_setup.o(i.u8g2_SetMaxClipWindow)
    u8g2_SetupBuffer                         0x08005d9d   Thumb Code    70  u8g2_setup.o(i.u8g2_SetupBuffer)
    u8g2_Setup_ssd1306_i2c_128x64_noname_1   0x08005de5   Thumb Code    42  u8g2_d_setup.o(i.u8g2_Setup_ssd1306_i2c_128x64_noname_1)
    u8g2_UpdateRefHeight                     0x08005e1d   Thumb Code    82  u8g2_font.o(i.u8g2_UpdateRefHeight)
    u8g2_add_vector_x                        0x08005e6f   Thumb Code    28  u8g2_font.o(i.u8g2_add_vector_x)
    u8g2_add_vector_y                        0x08005e8b   Thumb Code    28  u8g2_font.o(i.u8g2_add_vector_y)
    u8g2_draw_hv_line_2dir                   0x08005f51   Thumb Code    18  u8g2_hvline.o(i.u8g2_draw_hv_line_2dir)
    u8g2_draw_l90_r0                         0x08005f63   Thumb Code    12  u8g2_setup.o(i.u8g2_draw_l90_r0)
    u8g2_font_calc_vref_font                 0x08005fe5   Thumb Code     4  u8g2_font.o(i.u8g2_font_calc_vref_font)
    u8g2_font_decode_get_signed_bits         0x08005fe9   Thumb Code    20  u8g2_font.o(i.u8g2_font_decode_get_signed_bits)
    u8g2_font_decode_get_unsigned_bits       0x08005ffd   Thumb Code    52  u8g2_font.o(i.u8g2_font_decode_get_unsigned_bits)
    u8g2_font_decode_glyph                   0x08006031   Thumb Code   276  u8g2_font.o(i.u8g2_font_decode_glyph)
    u8g2_font_decode_len                     0x08006145   Thumb Code   140  u8g2_font.o(i.u8g2_font_decode_len)
    u8g2_font_get_glyph_data                 0x080061d1   Thumb Code   114  u8g2_font.o(i.u8g2_font_get_glyph_data)
    u8g2_is_intersection_decision_tree       0x0800628b   Thumb Code    24  u8g2_intersection.o(i.u8g2_is_intersection_decision_tree)
    u8g2_ll_hvline_vertical_top_lsb          0x080062a3   Thumb Code   142  u8g2_ll_hvline.o(i.u8g2_ll_hvline_vertical_top_lsb)
    u8g2_m_16_8_1                            0x08006331   Thumb Code     8  u8g2_d_memory.o(i.u8g2_m_16_8_1)
    u8g2_read_font_info                      0x0800633d   Thumb Code   106  u8g2_font.o(i.u8g2_read_font_info)
    u8g2_update_dimension_r0                 0x0800643b   Thumb Code     4  u8g2_setup.o(i.u8g2_update_dimension_r0)
    u8g2_update_page_win_r0                  0x0800643f   Thumb Code    34  u8g2_setup.o(i.u8g2_update_page_win_r0)
    u8x8_DrawTile                            0x08006461   Thumb Code    30  u8x8_display.o(i.u8x8_DrawTile)
    u8x8_InitDisplay                         0x0800647f   Thumb Code    16  u8x8_display.o(i.u8x8_InitDisplay)
    u8x8_RefreshDisplay                      0x0800648f   Thumb Code    16  u8x8_display.o(i.u8x8_RefreshDisplay)
    u8x8_SetPowerSave                        0x0800649f   Thumb Code    16  u8x8_display.o(i.u8x8_SetPowerSave)
    u8x8_Setup                               0x080064af   Thumb Code    34  u8x8_setup.o(i.u8x8_Setup)
    u8x8_SetupDefaults                       0x080064d1   Thumb Code    32  u8x8_setup.o(i.u8x8_SetupDefaults)
    u8x8_SetupMemory                         0x080064f5   Thumb Code    16  u8x8_display.o(i.u8x8_SetupMemory)
    u8x8_byte_EndTransfer                    0x08006505   Thumb Code    16  u8x8_byte.o(i.u8x8_byte_EndTransfer)
    u8x8_byte_SendByte                       0x08006515   Thumb Code    14  u8x8_byte.o(i.u8x8_byte_SendByte)
    u8x8_byte_StartTransfer                  0x08006523   Thumb Code    16  u8x8_byte.o(i.u8x8_byte_StartTransfer)
    u8x8_byte_i2c                            0x08006535   Thumb Code    80  main.o(i.u8x8_byte_i2c)
    u8x8_cad_EndTransfer                     0x08006591   Thumb Code    16  u8x8_cad.o(i.u8x8_cad_EndTransfer)
    u8x8_cad_SendArg                         0x080065a1   Thumb Code    16  u8x8_cad.o(i.u8x8_cad_SendArg)
    u8x8_cad_SendCmd                         0x080065b1   Thumb Code    16  u8x8_cad.o(i.u8x8_cad_SendCmd)
    u8x8_cad_SendData                        0x080065c1   Thumb Code    16  u8x8_cad.o(i.u8x8_cad_SendData)
    u8x8_cad_SendSequence                    0x080065d1   Thumb Code   104  u8x8_cad.o(i.u8x8_cad_SendSequence)
    u8x8_cad_StartTransfer                   0x08006639   Thumb Code    16  u8x8_cad.o(i.u8x8_cad_StartTransfer)
    u8x8_cad_ssd13xx_fast_i2c                0x08006649   Thumb Code   182  u8x8_cad.o(i.u8x8_cad_ssd13xx_fast_i2c)
    u8x8_d_helper_display_init               0x08006705   Thumb Code    96  u8x8_display.o(i.u8x8_d_helper_display_init)
    u8x8_d_helper_display_setup_memory       0x08006765   Thumb Code    10  u8x8_display.o(i.u8x8_d_helper_display_setup_memory)
    u8x8_d_ssd1306_128x64_noname             0x08006771   Thumb Code    52  u8x8_d_ssd1306_128x64_noname.o(i.u8x8_d_ssd1306_128x64_noname)
    u8x8_dummy_cb                            0x08006875   Thumb Code     4  u8x8_setup.o(i.u8x8_dummy_cb)
    u8x8_gpio_and_delay                      0x08006879   Thumb Code   114  main.o(i.u8x8_gpio_and_delay)
    u8x8_gpio_call                           0x080068f1   Thumb Code    12  u8x8_gpio.o(i.u8x8_gpio_call)
    u8x8_utf8_init                           0x08006929   Thumb Code     8  u8x8_8x8.o(i.u8x8_utf8_init)
    u8x8_utf8_next                           0x08006931   Thumb Code   144  u8x8_8x8.o(i.u8x8_utf8_next)
    devPubTopic                              0x08006a92   Data           8  main.o(.constdata)
    AHBPrescTable                            0x08006a9a   Data          16  system_stm32f1xx.o(.constdata)
    APBPrescTable                            0x08006aaa   Data           8  system_stm32f1xx.o(.constdata)
    u8g2_font_6x10_tf                        0x08006ab2   Data        2000  u8g2_fonts.o(.constdata)
    u8g2_cb_r0                               0x08007284   Data          12  u8g2_setup.o(.constdata)
    __ctype_table                            0x080073e8   Data         129  ctype_o.o(.constdata)
    Region$$Table$$Base                      0x080074c0   Number         0  anon$$obj.o(Region$$Table)
    Region$$Table$$Limit                     0x080074e0   Number         0  anon$$obj.o(Region$$Table)
    led_status                               0x20000000   Data           1  main.o(.data)
    Light                                    0x20000004   Data           2  main.o(.data)
    heart_Pack                               0x20000008   Data           4  main.o(.data)
    devSubTopic                              0x2000000c   Data           4  main.o(.data)
    DHT11_Data                               0x20000010   Data           5  main.o(.data)
    uwTickFreq                               0x20000018   Data           1  stm32f1xx_hal.o(.data)
    uwTickPrio                               0x2000001c   Data           4  stm32f1xx_hal.o(.data)
    uwTick                                   0x20000020   Data           4  stm32f1xx_hal.o(.data)
    SystemCoreClock                          0x20000024   Data           4  system_stm32f1xx.o(.data)
    esp01_rx_buf                             0x20000028   Data           1  esp8266.o(.data)
    esp8266_cnt                              0x2000002a   Data           2  esp8266.o(.data)
    esp8266_cntPre                           0x2000002c   Data           2  esp8266.o(.data)
    __stdout                                 0x20000050   Data           4  stdout.o(.data)
    __microlib_freelist                      0x20000054   Data           4  mvars.o(.data)
    __microlib_freelist_initialised          0x20000058   Data           4  mvars.o(.data)
    buffPublish                              0x20000080   Data         256  main.o(.bss)
    hi2c1                                    0x20000180   Data          84  i2c.o(.bss)
    hi2c2                                    0x200001d4   Data          84  i2c.o(.bss)
    htim6                                    0x20000228   Data          72  tim.o(.bss)
    htim7                                    0x20000270   Data          72  tim.o(.bss)
    huart1                                   0x200002b8   Data          68  usart.o(.bss)
    huart2                                   0x200002fc   Data          68  usart.o(.bss)
    esp8266_buf                              0x20000340   Data         128  esp8266.o(.bss)
    __heap_base                              0x20000440   Data           0  startup_stm32f103xe.o(HEAP)
    __heap_limit                             0x20000640   Data           0  startup_stm32f103xe.o(HEAP)
    __initial_sp                             0x20000a40   Data           0  startup_stm32f103xe.o(STACK)



==============================================================================

Memory Map of the image

  Image Entry point : 0x08000131

  Load Region LR_IROM1 (Base: 0x08000000, Size: 0x00007540, Max: 0x00080000, ABSOLUTE)

    Execution Region ER_IROM1 (Base: 0x08000000, Size: 0x000074e0, Max: 0x00080000, ABSOLUTE)

    Base Addr    Size         Type   Attr      Idx    E Section Name        Object

    0x08000000   0x00000130   Data   RO            3    RESET               startup_stm32f103xe.o
    0x08000130   0x00000000   Code   RO        11291  * .ARM.Collect$$$$00000000  mc_w.l(entry.o)
    0x08000130   0x00000004   Code   RO        11635    .ARM.Collect$$$$00000001  mc_w.l(entry2.o)
    0x08000134   0x00000004   Code   RO        11638    .ARM.Collect$$$$00000004  mc_w.l(entry5.o)
    0x08000138   0x00000000   Code   RO        11640    .ARM.Collect$$$$00000008  mc_w.l(entry7b.o)
    0x08000138   0x00000000   Code   RO        11642    .ARM.Collect$$$$0000000A  mc_w.l(entry8b.o)
    0x08000138   0x00000008   Code   RO        11643    .ARM.Collect$$$$0000000B  mc_w.l(entry9a.o)
    0x08000140   0x00000000   Code   RO        11645    .ARM.Collect$$$$0000000D  mc_w.l(entry10a.o)
    0x08000140   0x00000000   Code   RO        11647    .ARM.Collect$$$$0000000F  mc_w.l(entry11a.o)
    0x08000140   0x00000004   Code   RO        11636    .ARM.Collect$$$$00002712  mc_w.l(entry2.o)
    0x08000144   0x00000024   Code   RO            4    .text               startup_stm32f103xe.o
    0x08000168   0x00000020   Code   RO        11294    .text               mc_w.l(llushr.o)
    0x08000188   0x0000000c   Code   RO        11296    .text               mc_w.l(tolower.o)
    0x08000194   0x00000024   Code   RO        11298    .text               mc_w.l(memcpya.o)
    0x080001b8   0x00000024   Code   RO        11300    .text               mc_w.l(memseta.o)
    0x080001dc   0x00000024   Code   RO        11302    .text               mc_w.l(strstr.o)
    0x08000200   0x00000014   Code   RO        11304    .text               mc_w.l(strchr.o)
    0x08000214   0x0000000e   Code   RO        11306    .text               mc_w.l(strlen.o)
    0x08000222   0x0000001c   Code   RO        11308    .text               mc_w.l(strcmp.o)
    0x0800023e   0x00000028   Code   RO        11310    .text               mc_w.l(strncat.o)
    0x08000266   0x0000001e   Code   RO        11314    .text               mc_w.l(strncmp.o)
    0x08000284   0x00000338   Code   RO        11609    .text               mc_w.l(scanf_fp.o)
    0x080005bc   0x0000001a   Code   RO        11613    .text               mc_w.l(atoi.o)
    0x080005d6   0x0000014e   Code   RO        11615    .text               mf_w.l(dadd.o)
    0x08000724   0x000000e4   Code   RO        11617    .text               mf_w.l(dmul.o)
    0x08000808   0x000000de   Code   RO        11619    .text               mf_w.l(ddiv.o)
    0x080008e6   0x0000001a   Code   RO        11625    .text               mf_w.l(dfltui.o)
    0x08000900   0x0000003e   Code   RO        11627    .text               mf_w.l(dfixi.o)
    0x0800093e   0x00000002   PAD
    0x08000940   0x00000030   Code   RO        11631    .text               mf_w.l(cdcmple.o)
    0x08000970   0x00000030   Code   RO        11633    .text               mf_w.l(cdrcmple.o)
    0x080009a0   0x0000002c   Code   RO        11650    .text               mc_w.l(uidiv.o)
    0x080009cc   0x00000062   Code   RO        11652    .text               mc_w.l(uldiv.o)
    0x08000a2e   0x0000001e   Code   RO        11654    .text               mc_w.l(llshl.o)
    0x08000a4c   0x00000024   Code   RO        11656    .text               mc_w.l(llsshr.o)
    0x08000a70   0x00000040   Code   RO        11669    .text               mc_w.l(_sgetc.o)
    0x08000ab0   0x0000009c   Code   RO        11671    .text               mc_w.l(strtod.o)
    0x08000b4c   0x00000070   Code   RO        11673    .text               mc_w.l(strtol.o)
    0x08000bbc   0x00000000   Code   RO        11675    .text               mc_w.l(iusefp.o)
    0x08000bbc   0x000000ba   Code   RO        11676    .text               mf_w.l(depilogue.o)
    0x08000c76   0x00000018   Code   RO        11678    .text               mf_w.l(dfltul.o)
    0x08000c8e   0x00000030   Code   RO        11680    .text               mf_w.l(dfixul.o)
    0x08000cbe   0x00000038   Code   RO        11682    .text               mf_w.l(d2f.o)
    0x08000cf6   0x00000002   PAD
    0x08000cf8   0x00000024   Code   RO        11684    .text               mc_w.l(init.o)
    0x08000d1c   0x00000008   Code   RO        11688    .text               mc_w.l(ctype_o.o)
    0x08000d24   0x00000012   Code   RO        11710    .text               mc_w.l(isspace_o.o)
    0x08000d36   0x0000009e   Code   RO        11718    .text               mc_w.l(_strtoul.o)
    0x08000dd4   0x0000006e   Code   RO        11720    .text               mf_w.l(fepilogue.o)
    0x08000e42   0x0000001c   Code   RO        11725    .text               mc_w.l(_chval.o)
    0x08000e5e   0x00000002   Code   RO          440    i.BusFault_Handler  stm32f1xx_it.o
    0x08000e60   0x0000005c   Code   RO         3678    i.DHT11_Init        dht11.o
    0x08000ebc   0x00000020   Code   RO         3679    i.DHT11_Mode_Out_PP  dht11.o
    0x08000edc   0x00000068   Code   RO         3680    i.DHT11_ReadByte    dht11.o
    0x08000f44   0x000000b0   Code   RO         3681    i.DHT11_Read_TempAndHumidity  dht11.o
    0x08000ff4   0x00000002   Code   RO          441    i.DebugMon_Handler  stm32f1xx_it.o
    0x08000ff6   0x00000002   PAD
    0x08000ff8   0x00000014   Code   RO         3847    i.Delay_us          systick.o
    0x0800100c   0x0000001c   Code   RO         3363    i.ESP8266_Clear     esp8266.o
    0x08001028   0x00000040   Code   RO         3364    i.ESP8266_GetIPD    esp8266.o
    0x08001068   0x00000200   Code   RO         3365    i.ESP8266_Init      esp8266.o
    0x08001268   0x000000a8   Code   RO         3366    i.ESP8266_SendCmd   esp8266.o
    0x08001310   0x0000009c   Code   RO         3367    i.ESP8266_SendData  esp8266.o
    0x080013ac   0x00000020   Code   RO         3368    i.ESP8266_WaitRecive  esp8266.o
    0x080013cc   0x00000004   Code   RO           13    i.Error_Handler     main.o
    0x080013d0   0x00000068   Code   RO         3721    i.Get_BH1750_Value  bh1750.o
    0x08001438   0x00000046   Code   RO         1399    i.HAL_DMA_Abort     stm32f1xx_hal_dma.o
    0x0800147e   0x00000002   PAD
    0x08001480   0x00000130   Code   RO         1400    i.HAL_DMA_Abort_IT  stm32f1xx_hal_dma.o
    0x080015b0   0x00000024   Code   RO         1027    i.HAL_Delay         stm32f1xx_hal.o
    0x080015d4   0x00000014   Code   RO          315    i.HAL_Delay_ms      tim.o
    0x080015e8   0x0000003c   Code   RO          316    i.HAL_Delay_us      tim.o
    0x08001624   0x000001f8   Code   RO         1335    i.HAL_GPIO_Init     stm32f1xx_hal_gpio.o
    0x0800181c   0x0000000a   Code   RO         1337    i.HAL_GPIO_ReadPin  stm32f1xx_hal_gpio.o
    0x08001826   0x0000000a   Code   RO         1339    i.HAL_GPIO_WritePin  stm32f1xx_hal_gpio.o
    0x08001830   0x0000000c   Code   RO         1031    i.HAL_GetTick       stm32f1xx_hal.o
    0x0800183c   0x00000188   Code   RO          599    i.HAL_I2C_Init      stm32f1xx_hal_i2c.o
    0x080019c4   0x00000244   Code   RO          605    i.HAL_I2C_Master_Receive  stm32f1xx_hal_i2c.o
    0x08001c08   0x0000012c   Code   RO          612    i.HAL_I2C_Master_Transmit  stm32f1xx_hal_i2c.o
    0x08001d34   0x00000098   Code   RO          268    i.HAL_I2C_MspInit   i2c.o
    0x08001dcc   0x00000010   Code   RO         1037    i.HAL_IncTick       stm32f1xx_hal.o
    0x08001ddc   0x00000024   Code   RO         1038    i.HAL_Init          stm32f1xx_hal.o
    0x08001e00   0x00000040   Code   RO         1039    i.HAL_InitTick      stm32f1xx_hal.o
    0x08001e40   0x00000044   Code   RO          528    i.HAL_MspInit       stm32f1xx_hal_msp.o
    0x08001e84   0x0000001a   Code   RO         1495    i.HAL_NVIC_EnableIRQ  stm32f1xx_hal_cortex.o
    0x08001e9e   0x00000002   PAD
    0x08001ea0   0x00000040   Code   RO         1501    i.HAL_NVIC_SetPriority  stm32f1xx_hal_cortex.o
    0x08001ee0   0x00000024   Code   RO         1502    i.HAL_NVIC_SetPriorityGrouping  stm32f1xx_hal_cortex.o
    0x08001f04   0x0000012c   Code   RO         1195    i.HAL_RCC_ClockConfig  stm32f1xx_hal_rcc.o
    0x08002030   0x00000020   Code   RO         1202    i.HAL_RCC_GetPCLK1Freq  stm32f1xx_hal_rcc.o
    0x08002050   0x00000020   Code   RO         1203    i.HAL_RCC_GetPCLK2Freq  stm32f1xx_hal_rcc.o
    0x08002070   0x0000006c   Code   RO         1204    i.HAL_RCC_GetSysClockFreq  stm32f1xx_hal_rcc.o
    0x080020dc   0x00000320   Code   RO         1207    i.HAL_RCC_OscConfig  stm32f1xx_hal_rcc.o
    0x080023fc   0x00000028   Code   RO         1506    i.HAL_SYSTICK_Config  stm32f1xx_hal_cortex.o
    0x08002424   0x00000002   Code   RO         2701    i.HAL_TIMEx_BreakCallback  stm32f1xx_hal_tim_ex.o
    0x08002426   0x00000002   Code   RO         2702    i.HAL_TIMEx_CommutCallback  stm32f1xx_hal_tim_ex.o
    0x08002428   0x0000007c   Code   RO         2720    i.HAL_TIMEx_MasterConfigSynchronization  stm32f1xx_hal_tim_ex.o
    0x080024a4   0x0000005a   Code   RO         1997    i.HAL_TIM_Base_Init  stm32f1xx_hal_tim.o
    0x080024fe   0x00000002   PAD
    0x08002500   0x00000054   Code   RO          318    i.HAL_TIM_Base_MspInit  tim.o
    0x08002554   0x0000006c   Code   RO         2002    i.HAL_TIM_Base_Start_IT  stm32f1xx_hal_tim.o
    0x080025c0   0x00000002   Code   RO         2031    i.HAL_TIM_IC_CaptureCallback  stm32f1xx_hal_tim.o
    0x080025c2   0x00000166   Code   RO         2045    i.HAL_TIM_IRQHandler  stm32f1xx_hal_tim.o
    0x08002728   0x00000002   Code   RO         2048    i.HAL_TIM_OC_DelayElapsedCallback  stm32f1xx_hal_tim.o
    0x0800272a   0x00000002   Code   RO         2075    i.HAL_TIM_PWM_PulseFinishedCallback  stm32f1xx_hal_tim.o
    0x0800272c   0x00000010   Code   RO           14    i.HAL_TIM_PeriodElapsedCallback  main.o
    0x0800273c   0x00000002   Code   RO         2088    i.HAL_TIM_TriggerCallback  stm32f1xx_hal_tim.o
    0x0800273e   0x00000002   Code   RO         2979    i.HAL_UARTEx_RxEventCallback  stm32f1xx_hal_uart.o
    0x08002740   0x00000002   Code   RO         2993    i.HAL_UART_ErrorCallback  stm32f1xx_hal_uart.o
    0x08002742   0x00000002   PAD
    0x08002744   0x0000020c   Code   RO         2996    i.HAL_UART_IRQHandler  stm32f1xx_hal_uart.o
    0x08002950   0x00000062   Code   RO         2997    i.HAL_UART_Init     stm32f1xx_hal_uart.o
    0x080029b2   0x00000002   PAD
    0x080029b4   0x000000cc   Code   RO          376    i.HAL_UART_MspInit  usart.o
    0x08002a80   0x0000002a   Code   RO         3002    i.HAL_UART_Receive_IT  stm32f1xx_hal_uart.o
    0x08002aaa   0x00000002   PAD
    0x08002aac   0x0000003c   Code   RO         3369    i.HAL_UART_RxCpltCallback  esp8266.o
    0x08002ae8   0x000000b2   Code   RO         3005    i.HAL_UART_Transmit  stm32f1xx_hal_uart.o
    0x08002b9a   0x00000002   Code   RO         3008    i.HAL_UART_TxCpltCallback  stm32f1xx_hal_uart.o
    0x08002b9c   0x00000002   Code   RO          442    i.HardFault_Handler  stm32f1xx_it.o
    0x08002b9e   0x0000002e   Code   RO          641    i.I2C_IsAcknowledgeFailed  stm32f1xx_hal_i2c.o
    0x08002bcc   0x000000ec   Code   RO          644    i.I2C_MasterRequestRead  stm32f1xx_hal_i2c.o
    0x08002cb8   0x0000009c   Code   RO          645    i.I2C_MasterRequestWrite  stm32f1xx_hal_i2c.o
    0x08002d54   0x0000004c   Code   RO          656    i.I2C_WaitOnBTFFlagUntilTimeout  stm32f1xx_hal_i2c.o
    0x08002da0   0x00000068   Code   RO          657    i.I2C_WaitOnFlagUntilTimeout  stm32f1xx_hal_i2c.o
    0x08002e08   0x00000096   Code   RO          658    i.I2C_WaitOnMasterAddressFlagUntilTimeout  stm32f1xx_hal_i2c.o
    0x08002e9e   0x00000066   Code   RO          659    i.I2C_WaitOnRXNEFlagUntilTimeout  stm32f1xx_hal_i2c.o
    0x08002f04   0x0000004c   Code   RO          660    i.I2C_WaitOnTXEFlagUntilTimeout  stm32f1xx_hal_i2c.o
    0x08002f50   0x00000010   Code   RO         3888    i.LED_R_OFF         led.o
    0x08002f60   0x00000010   Code   RO         3889    i.LED_R_ON          led.o
    0x08002f70   0x0000001c   Code   RO         3433    i.MQTT_DeleteBuffer  mqttkit.o
    0x08002f8c   0x00000026   Code   RO         3434    i.MQTT_DumpLength   mqttkit.o
    0x08002fb2   0x00000052   Code   RO         3435    i.MQTT_NewBuffer    mqttkit.o
    0x08003004   0x0000007c   Code   RO         3436    i.MQTT_PacketCmdResp  mqttkit.o
    0x08003080   0x00000264   Code   RO         3437    i.MQTT_PacketConnect  mqttkit.o
    0x080032e4   0x0000002c   Code   RO         3439    i.MQTT_PacketPing   mqttkit.o
    0x08003310   0x0000015a   Code   RO         3440    i.MQTT_PacketPublish  mqttkit.o
    0x0800346a   0x00000046   Code   RO         3442    i.MQTT_PacketPublishComp  mqttkit.o
    0x080034b0   0x00000046   Code   RO         3444    i.MQTT_PacketPublishRel  mqttkit.o
    0x080034f6   0x000000da   Code   RO         3447    i.MQTT_PacketSubscribe  mqttkit.o
    0x080035d0   0x00000100   Code   RO         3370    i.MQTT_Ping         esp8266.o
    0x080036d0   0x0000003e   Code   RO         3449    i.MQTT_ReadLength   mqttkit.o
    0x0800370e   0x00000082   Code   RO         3450    i.MQTT_UnPacketCmd  mqttkit.o
    0x08003790   0x0000001a   Code   RO         3451    i.MQTT_UnPacketConnectAck  mqttkit.o
    0x080037aa   0x00000002   PAD
    0x080037ac   0x00000150   Code   RO         3452    i.MQTT_UnPacketPublish  mqttkit.o
    0x080038fc   0x00000018   Code   RO         3453    i.MQTT_UnPacketPublishAck  mqttkit.o
    0x08003914   0x00000018   Code   RO         3454    i.MQTT_UnPacketPublishComp  mqttkit.o
    0x0800392c   0x00000018   Code   RO         3455    i.MQTT_UnPacketPublishRec  mqttkit.o
    0x08003944   0x0000001e   Code   RO         3456    i.MQTT_UnPacketPublishRel  mqttkit.o
    0x08003962   0x00000002   PAD
    0x08003964   0x00000060   Code   RO         3457    i.MQTT_UnPacketRecv  mqttkit.o
    0x080039c4   0x0000002c   Code   RO         3458    i.MQTT_UnPacketSubscribe  mqttkit.o
    0x080039f0   0x00000012   Code   RO         3459    i.MQTT_UnPacketUnSubscribe  mqttkit.o
    0x08003a02   0x00000002   PAD
    0x08003a04   0x000000c4   Code   RO          233    i.MX_GPIO_Init      gpio.o
    0x08003ac8   0x00000040   Code   RO          269    i.MX_I2C1_Init      i2c.o
    0x08003b08   0x00000040   Code   RO          270    i.MX_I2C2_Init      i2c.o
    0x08003b48   0x00000044   Code   RO          319    i.MX_TIM6_Init      tim.o
    0x08003b8c   0x00000044   Code   RO          320    i.MX_TIM7_Init      tim.o
    0x08003bd0   0x00000038   Code   RO          377    i.MX_USART1_UART_Init  usart.o
    0x08003c08   0x00000050   Code   RO          378    i.MX_USART2_UART_Init  usart.o
    0x08003c58   0x00000002   Code   RO          443    i.MemManage_Handler  stm32f1xx_it.o
    0x08003c5a   0x00000002   Code   RO          444    i.NMI_Handler       stm32f1xx_it.o
    0x08003c5c   0x000001fc   Code   RO         3620    i.OneNet_DevLink    onenet.o
    0x08003e58   0x000000dc   Code   RO         3621    i.OneNet_Publish    onenet.o
    0x08003f34   0x00000368   Code   RO         3622    i.OneNet_RevPro     onenet.o
    0x0800429c   0x00000068   Code   RO         3623    i.OneNet_Subscribe  onenet.o
    0x08004304   0x00000002   Code   RO          445    i.PendSV_Handler    stm32f1xx_it.o
    0x08004306   0x00000002   Code   RO          446    i.SVC_Handler       stm32f1xx_it.o
    0x08004308   0x00000004   Code   RO          447    i.SysTick_Handler   stm32f1xx_it.o
    0x0800430c   0x0000005e   Code   RO           15    i.SystemClock_Config  main.o
    0x0800436a   0x00000002   Code   RO         3326    i.SystemInit        system_stm32f1xx.o
    0x0800436c   0x0000000c   Code   RO          448    i.TIM7_IRQHandler   stm32f1xx_it.o
    0x08004378   0x0000008c   Code   RO         2090    i.TIM_Base_SetConfig  stm32f1xx_hal_tim.o
    0x08004404   0x00000010   Code   RO         3010    i.UART_DMAAbortOnError  stm32f1xx_hal_uart.o
    0x08004414   0x00000030   Code   RO         3020    i.UART_EndRxTransfer  stm32f1xx_hal_uart.o
    0x08004444   0x000000b6   Code   RO         3022    i.UART_Receive_IT   stm32f1xx_hal_uart.o
    0x080044fa   0x00000002   PAD
    0x080044fc   0x000000b8   Code   RO         3023    i.UART_SetConfig    stm32f1xx_hal_uart.o
    0x080045b4   0x00000036   Code   RO         3025    i.UART_Start_Receive_IT  stm32f1xx_hal_uart.o
    0x080045ea   0x00000064   Code   RO         3026    i.UART_WaitOnFlagUntilTimeout  stm32f1xx_hal_uart.o
    0x0800464e   0x00000002   PAD
    0x08004650   0x0000000c   Code   RO          449    i.USART2_IRQHandler  stm32f1xx_it.o
    0x0800465c   0x00000002   Code   RO          450    i.UsageFault_Handler  stm32f1xx_it.o
    0x0800465e   0x00000018   Code   RO          379    i.Usart_SendString  usart.o
    0x08004676   0x00000002   PAD
    0x08004678   0x00000020   Code   RO        11551    i.__0printf         mc_w.l(printfa.o)
    0x08004698   0x00000028   Code   RO        11553    i.__0sprintf        mc_w.l(printfa.o)
    0x080046c0   0x00000020   Code   RO         1508    i.__NVIC_SetPriority  stm32f1xx_hal_cortex.o
    0x080046e0   0x00000008   Code   RO        11660    i.__aeabi_errno_addr  mc_w.l(errno.o)
    0x080046e8   0x0000005c   Code   RO        11583    i.__free$realloc    mc_w.l(mallocr.o)
    0x08004744   0x00000050   Code   RO        11584    i.__malloc$realloc  mc_w.l(mallocr.o)
    0x08004794   0x0000000e   Code   RO        11729    i.__scatterload_copy  mc_w.l(handlers.o)
    0x080047a2   0x00000002   Code   RO        11730    i.__scatterload_null  mc_w.l(handlers.o)
    0x080047a4   0x0000000e   Code   RO        11731    i.__scatterload_zeroinit  mc_w.l(handlers.o)
    0x080047b2   0x00000002   PAD
    0x080047b4   0x00000164   Code   RO        11558    i._fp_digits        mc_w.l(printfa.o)
    0x08004918   0x0000000e   Code   RO        11611    i._is_digit         mc_w.l(scanf_fp.o)
    0x08004926   0x00000002   PAD
    0x08004928   0x000006dc   Code   RO        11559    i._printf_core      mc_w.l(printfa.o)
    0x08005004   0x00000024   Code   RO        11560    i._printf_post_padding  mc_w.l(printfa.o)
    0x08005028   0x0000002e   Code   RO        11561    i._printf_pre_padding  mc_w.l(printfa.o)
    0x08005056   0x0000000a   Code   RO        11563    i._sputc            mc_w.l(printfa.o)
    0x08005060   0x00000030   Code   RO        10673    i.buffer_skip_whitespace  cjson.o
    0x08005090   0x00000048   Code   RO        10705    i.cJSON_Delete      cjson.o
    0x080050d8   0x00000010   Code   RO        10716    i.cJSON_GetErrorPtr  cjson.o
    0x080050e8   0x00000006   Code   RO        10718    i.cJSON_GetObjectItem  cjson.o
    0x080050ee   0x00000016   Code   RO        10735    i.cJSON_New_Item    cjson.o
    0x08005104   0x00000008   Code   RO        10736    i.cJSON_Parse       cjson.o
    0x0800510c   0x000000dc   Code   RO        10738    i.cJSON_ParseWithLengthOpts  cjson.o
    0x080051e8   0x00000022   Code   RO        10739    i.cJSON_ParseWithOpts  cjson.o
    0x0800520a   0x00000002   PAD
    0x0800520c   0x000000b4   Code   RO        10634    i.dataDisplay       ui.o
    0x080052c0   0x00000018   Code   RO          380    i.fputc             usart.o
    0x080052d8   0x0000007a   Code   RO        10758    i.get_object_item   cjson.o
    0x08005352   0x00000002   PAD
    0x08005354   0x00000050   Code   RO        11585    i.internal_alloc    mc_w.l(mallocr.o)
    0x080053a4   0x00000210   Code   RO           16    i.main              main.o
    0x080055b4   0x000000d0   Code   RO        10760    i.parse_array       cjson.o
    0x08005684   0x00000040   Code   RO        10761    i.parse_hex4        cjson.o
    0x080056c4   0x000000f0   Code   RO        10762    i.parse_number      cjson.o
    0x080057b4   0x0000010a   Code   RO        10763    i.parse_object      cjson.o
    0x080058be   0x00000002   PAD
    0x080058c0   0x00000118   Code   RO        10764    i.parse_string      cjson.o
    0x080059d8   0x000000fc   Code   RO        10765    i.parse_value       cjson.o
    0x08005ad4   0x0000006c   Code   RO        11586    i.realloc           mc_w.l(mallocr.o)
    0x08005b40   0x0000001c   Code   RO        11288    i.strtod            m_ws.l(strtod.o)
    0x08005b5c   0x00000012   Code   RO         4596    i.u8g2_ClearBuffer  u8g2_buffer.o
    0x08005b6e   0x00000070   Code   RO         4814    i.u8g2_DrawGlyph    u8g2_font.o
    0x08005bde   0x00000002   PAD
    0x08005be0   0x000000ac   Code   RO         7069    i.u8g2_DrawHVLine   u8g2_hvline.o
    0x08005c8c   0x00000010   Code   RO         4818    i.u8g2_DrawUTF8     u8g2_font.o
    0x08005c9c   0x0000001c   Code   RO         4597    i.u8g2_FirstPage    u8g2_buffer.o
    0x08005cb8   0x00000030   Code   RO         7130    i.u8g2_IsIntersection  u8g2_intersection.o
    0x08005ce8   0x0000003e   Code   RO         4598    i.u8g2_NextPage     u8g2_buffer.o
    0x08005d26   0x00000012   Code   RO         4599    i.u8g2_SendBuffer   u8g2_buffer.o
    0x08005d38   0x0000001c   Code   RO         4600    i.u8g2_SetBufferCurrTileRow  u8g2_buffer.o
    0x08005d54   0x00000020   Code   RO         4832    i.u8g2_SetFont      u8g2_font.o
    0x08005d74   0x0000000c   Code   RO         4835    i.u8g2_SetFontPosBaseline  u8g2_font.o
    0x08005d80   0x0000001c   Code   RO         7318    i.u8g2_SetMaxClipWindow  u8g2_setup.o
    0x08005d9c   0x00000046   Code   RO         7319    i.u8g2_SetupBuffer  u8g2_setup.o
    0x08005de2   0x00000002   PAD
    0x08005de4   0x00000038   Code   RO         4788    i.u8g2_Setup_ssd1306_i2c_128x64_noname_1  u8g2_d_setup.o
    0x08005e1c   0x00000052   Code   RO         4842    i.u8g2_UpdateRefHeight  u8g2_font.o
    0x08005e6e   0x0000001c   Code   RO         4843    i.u8g2_add_vector_x  u8g2_font.o
    0x08005e8a   0x0000001c   Code   RO         4844    i.u8g2_add_vector_y  u8g2_font.o
    0x08005ea6   0x0000006e   Code   RO         7321    i.u8g2_apply_clip_window  u8g2_setup.o
    0x08005f14   0x0000003c   Code   RO         7073    i.u8g2_clip_intersection2  u8g2_hvline.o
    0x08005f50   0x00000012   Code   RO         7074    i.u8g2_draw_hv_line_2dir  u8g2_hvline.o
    0x08005f62   0x0000000c   Code   RO         7323    i.u8g2_draw_l90_r0  u8g2_setup.o
    0x08005f6e   0x00000076   Code   RO         4845    i.u8g2_draw_string  u8g2_font.o
    0x08005fe4   0x00000004   Code   RO         4851    i.u8g2_font_calc_vref_font  u8g2_font.o
    0x08005fe8   0x00000014   Code   RO         4853    i.u8g2_font_decode_get_signed_bits  u8g2_font.o
    0x08005ffc   0x00000034   Code   RO         4854    i.u8g2_font_decode_get_unsigned_bits  u8g2_font.o
    0x08006030   0x00000114   Code   RO         4855    i.u8g2_font_decode_glyph  u8g2_font.o
    0x08006144   0x0000008c   Code   RO         4856    i.u8g2_font_decode_len  u8g2_font.o
    0x080061d0   0x00000072   Code   RO         4857    i.u8g2_font_get_glyph_data  u8g2_font.o
    0x08006242   0x00000014   Code   RO         4858    i.u8g2_font_get_word  u8g2_font.o
    0x08006256   0x00000034   Code   RO         4859    i.u8g2_font_setup_decode  u8g2_font.o
    0x0800628a   0x00000018   Code   RO         7131    i.u8g2_is_intersection_decision_tree  u8g2_intersection.o
    0x080062a2   0x0000008e   Code   RO         7179    i.u8g2_ll_hvline_vertical_top_lsb  u8g2_ll_hvline.o
    0x08006330   0x0000000c   Code   RO         4772    i.u8g2_m_16_8_1     u8g2_d_memory.o
    0x0800633c   0x0000006a   Code   RO         4860    i.u8g2_read_font_info  u8g2_font.o
    0x080063a6   0x0000004e   Code   RO         4607    i.u8g2_send_buffer  u8g2_buffer.o
    0x080063f4   0x00000046   Code   RO         7328    i.u8g2_update_dimension_common  u8g2_setup.o
    0x0800643a   0x00000004   Code   RO         7329    i.u8g2_update_dimension_r0  u8g2_setup.o
    0x0800643e   0x00000022   Code   RO         7333    i.u8g2_update_page_win_r0  u8g2_setup.o
    0x08006460   0x0000001e   Code   RO        10212    i.u8x8_DrawTile     u8x8_display.o
    0x0800647e   0x00000010   Code   RO        10214    i.u8x8_InitDisplay  u8x8_display.o
    0x0800648e   0x00000010   Code   RO        10216    i.u8x8_RefreshDisplay  u8x8_display.o
    0x0800649e   0x00000010   Code   RO        10219    i.u8x8_SetPowerSave  u8x8_display.o
    0x080064ae   0x00000022   Code   RO        10518    i.u8x8_Setup        u8x8_setup.o
    0x080064d0   0x00000024   Code   RO        10519    i.u8x8_SetupDefaults  u8x8_setup.o
    0x080064f4   0x00000010   Code   RO        10220    i.u8x8_SetupMemory  u8x8_display.o
    0x08006504   0x00000010   Code   RO         7738    i.u8x8_byte_EndTransfer  u8x8_byte.o
    0x08006514   0x0000000e   Code   RO         7739    i.u8x8_byte_SendByte  u8x8_byte.o
    0x08006522   0x00000010   Code   RO         7742    i.u8x8_byte_StartTransfer  u8x8_byte.o
    0x08006532   0x00000002   PAD
    0x08006534   0x0000005c   Code   RO           17    i.u8x8_byte_i2c     main.o
    0x08006590   0x00000010   Code   RO         7858    i.u8x8_cad_EndTransfer  u8x8_cad.o
    0x080065a0   0x00000010   Code   RO         7859    i.u8x8_cad_SendArg  u8x8_cad.o
    0x080065b0   0x00000010   Code   RO         7860    i.u8x8_cad_SendCmd  u8x8_cad.o
    0x080065c0   0x00000010   Code   RO         7861    i.u8x8_cad_SendData  u8x8_cad.o
    0x080065d0   0x00000068   Code   RO         7863    i.u8x8_cad_SendSequence  u8x8_cad.o
    0x08006638   0x00000010   Code   RO         7864    i.u8x8_cad_StartTransfer  u8x8_cad.o
    0x08006648   0x000000bc   Code   RO         7867    i.u8x8_cad_ssd13xx_fast_i2c  u8x8_cad.o
    0x08006704   0x00000060   Code   RO        10221    i.u8x8_d_helper_display_init  u8x8_display.o
    0x08006764   0x0000000a   Code   RO        10222    i.u8x8_d_helper_display_setup_memory  u8x8_display.o
    0x0800676e   0x00000002   PAD
    0x08006770   0x0000003c   Code   RO         8916    i.u8x8_d_ssd1306_128x64_noname  u8x8_d_ssd1306_128x64_noname.o
    0x080067ac   0x000000c8   Code   RO         8918    i.u8x8_d_ssd1306_sh1106_generic  u8x8_d_ssd1306_128x64_noname.o
    0x08006874   0x00000004   Code   RO        10521    i.u8x8_dummy_cb     u8x8_setup.o
    0x08006878   0x00000078   Code   RO           18    i.u8x8_gpio_and_delay  main.o
    0x080068f0   0x0000000c   Code   RO        10440    i.u8x8_gpio_call    u8x8_gpio.o
    0x080068fc   0x0000002c   Code   RO         7875    i.u8x8_i2c_data_transfer  u8x8_cad.o
    0x08006928   0x00000008   Code   RO         7621    i.u8x8_utf8_init    u8x8_8x8.o
    0x08006930   0x00000090   Code   RO         7622    i.u8x8_utf8_next    u8x8_8x8.o
    0x080069c0   0x000000d2   Code   RO        10774    i.utf16_literal_to_utf8  cjson.o
    0x08006a92   0x00000008   Data   RO           20    .constdata          main.o
    0x08006a9a   0x00000010   Data   RO         3327    .constdata          system_stm32f1xx.o
    0x08006aaa   0x00000008   Data   RO         3328    .constdata          system_stm32f1xx.o
    0x08006ab2   0x000007d0   Data   RO         5168    .constdata          u8g2_fonts.o
    0x08007282   0x00000002   PAD
    0x08007284   0x0000000c   Data   RO         7337    .constdata          u8g2_setup.o
    0x08007290   0x00000158   Data   RO         8920    .constdata          u8x8_d_ssd1306_128x64_noname.o
    0x080073e8   0x00000081   Data   RO        11689    .constdata          mc_w.l(ctype_o.o)
    0x08007469   0x00000003   PAD
    0x0800746c   0x00000004   Data   RO        11690    .constdata          mc_w.l(ctype_o.o)
    0x08007470   0x0000004d   Data   RO           21    .conststring        main.o
    0x080074bd   0x00000003   PAD
    0x080074c0   0x00000020   Data   RO        11727    Region$$Table       anon$$obj.o


    Execution Region RW_IRAM1 (Base: 0x20000000, Size: 0x00000a40, Max: 0x00010000, ABSOLUTE)

    Base Addr    Size         Type   Attr      Idx    E Section Name        Object

    0x20000000   0x00000015   Data   RW           22    .data               main.o
    0x20000015   0x00000003   PAD
    0x20000018   0x0000000c   Data   RW         1045    .data               stm32f1xx_hal.o
    0x20000024   0x00000004   Data   RW         3329    .data               system_stm32f1xx.o
    0x20000028   0x00000006   Data   RW         3372    .data               esp8266.o
    0x2000002e   0x00000002   Data   RW         3624    .data               onenet.o
    0x20000030   0x00000004   Data   RW         3850    .data               systick.o
    0x20000034   0x00000006   Data   RW         7877    .data               u8x8_cad.o
    0x2000003a   0x00000002   PAD
    0x2000003c   0x00000014   Data   RW        10776    .data               cjson.o
    0x20000050   0x00000004   Data   RW        11649    .data               mc_w.l(stdout.o)
    0x20000054   0x00000004   Data   RW        11658    .data               mc_w.l(mvars.o)
    0x20000058   0x00000004   Data   RW        11659    .data               mc_w.l(mvars.o)
    0x2000005c   0x00000004   Data   RW        11663    .data               mc_w.l(errno.o)
    0x20000060   0x00000120   Zero   RW           19    .bss                main.o
    0x20000180   0x000000a8   Zero   RW          271    .bss                i2c.o
    0x20000228   0x00000090   Zero   RW          321    .bss                tim.o
    0x200002b8   0x00000088   Zero   RW          381    .bss                usart.o
    0x20000340   0x00000080   Zero   RW         3371    .bss                esp8266.o
    0x200003c0   0x00000080   Zero   RW         4773    .bss                u8g2_d_memory.o
    0x20000440   0x00000200   Zero   RW            2    HEAP                startup_stm32f103xe.o
    0x20000640   0x00000400   Zero   RW            1    STACK               startup_stm32f103xe.o


==============================================================================

Image component sizes


      Code (inc. data)   RO Data    RW Data    ZI Data      Debug   Object Name

       104         10          0          0          0       1723   bh1750.o
      2068         70          0         20          0      16336   cjson.o
       404         26          0          0          0       3606   dht11.o
      1276        478          0          6        128       5830   esp8266.o
       196         16          0          0          0        991   gpio.o
       280         46          0          0        168       2294   i2c.o
        32         12          0          0          0        811   led.o
       854        188         85         21        288     661144   main.o
      2446         36          0          0          0      16861   mqttkit.o
         0          0          0          0          0     159266   mui_u8g2.o
      1704        932          0          2          0       6695   onenet.o
        36          8        304          0       1536        812   startup_stm32f103xe.o
       164         28          0         12          0       6501   stm32f1xx_hal.o
       198         14          0          0          0      28627   stm32f1xx_hal_cortex.o
       374          8          0          0          0       1767   stm32f1xx_hal_dma.o
       524         42          0          0          0       3183   stm32f1xx_hal_gpio.o
      2218         54          0          0          0      10710   stm32f1xx_hal_i2c.o
        68         10          0          0          0        886   stm32f1xx_hal_msp.o
      1272        100          0          0          0       4984   stm32f1xx_hal_rcc.o
       704         40          0          0          0       6457   stm32f1xx_hal_tim.o
       128         20          0          0          0       2349   stm32f1xx_hal_tim_ex.o
      1432         10          0          0          0       9512   stm32f1xx_hal_uart.o
        44         12          0          0          0       4820   stm32f1xx_it.o
         2          0         24          4          0       1143   system_stm32f1xx.o
        20          4          0          4          0       1315   systick.o
       300         34          0          0        144       3049   tim.o
       232          0          0          0          0       3756   u8g2_buffer.o
        12          4          0          0        128        808   u8g2_d_memory.o
        56         14          0          0          0        965   u8g2_d_setup.o
      1212         10          0          0          0      11829   u8g2_font.o
         0          0       2000          0          0     145371   u8g2_fonts.o
       250          0          0          0          0       2187   u8g2_hvline.o
        72          0          0          0          0       1611   u8g2_intersection.o
       142          0          0          0          0       1142   u8g2_ll_hvline.o
       328          0         12          0          0     146387   u8g2_setup.o
         0          0          0          0          0        392   u8log.o
       152          0          0          0          0       1960   u8x8_8x8.o
        46          0          0          0          0       1563   u8x8_byte.o
       416         12          0          6          0       7324   u8x8_cad.o
       260         12        344          0          0       2763   u8x8_d_ssd1306_128x64_noname.o
       200          0          0          0          0       3958   u8x8_display.o
        12          0          0          0          0        505   u8x8_gpio.o
        74          4          0          0          0       1562   u8x8_setup.o
       180         78          0          0          0        542   ui.o
       388         44          0          0        136       4805   usart.o

    ----------------------------------------------------------------------
     20920       2376       2806         80       2528    1301102   Object Totals
         0          0         32          0          0          0   (incl. Generated)
        40          0          5          5          0          0   (incl. Padding)

    ----------------------------------------------------------------------

      Code (inc. data)   RO Data    RW Data    ZI Data      Debug   Library Member Name

        28          0          0          0          0         80   strtod.o
        28          0          0          0          0         68   _chval.o
        64          0          0          0          0         84   _sgetc.o
       158          0          0          0          0         92   _strtoul.o
        26          0          0          0          0         80   atoi.o
         8          4        133          0          0         68   ctype_o.o
         0          0          0          0          0          0   entry.o
         0          0          0          0          0          0   entry10a.o
         0          0          0          0          0          0   entry11a.o
         8          4          0          0          0          0   entry2.o
         4          0          0          0          0          0   entry5.o
         0          0          0          0          0          0   entry7b.o
         0          0          0          0          0          0   entry8b.o
         8          4          0          0          0          0   entry9a.o
         8          4          0          4          0         68   errno.o
        30          0          0          0          0          0   handlers.o
        36          8          0          0          0         68   init.o
        18          0          0          0          0         76   isspace_o.o
         0          0          0          0          0          0   iusefp.o
        30          0          0          0          0         68   llshl.o
        36          0          0          0          0         68   llsshr.o
        32          0          0          0          0         68   llushr.o
       360         30          0          0          0        356   mallocr.o
        36          0          0          0          0         68   memcpya.o
        36          0          0          0          0        108   memseta.o
         0          0          0          8          0          0   mvars.o
      2276         96          0          0          0        596   printfa.o
       838         12          0          0          0        216   scanf_fp.o
         0          0          0          4          0          0   stdout.o
        20          0          0          0          0         68   strchr.o
        28          0          0          0          0         76   strcmp.o
        14          0          0          0          0         68   strlen.o
        40          0          0          0          0         76   strncat.o
        30          0          0          0          0         80   strncmp.o
        36          0          0          0          0         80   strstr.o
       156         14          0          0          0        120   strtod.o
       112          0          0          0          0         88   strtol.o
        12          0          0          0          0         68   tolower.o
        44          0          0          0          0         80   uidiv.o
        98          0          0          0          0         92   uldiv.o
        48          0          0          0          0         68   cdcmple.o
        48          0          0          0          0         68   cdrcmple.o
        56          0          0          0          0         88   d2f.o
       334          0          0          0          0        148   dadd.o
       222          0          0          0          0        100   ddiv.o
       186          0          0          0          0        176   depilogue.o
        62          0          0          0          0         80   dfixi.o
        48          0          0          0          0         68   dfixul.o
        26          0          0          0          0         76   dfltui.o
        24          0          0          0          0         76   dfltul.o
       228          0          0          0          0         96   dmul.o
       110          0          0          0          0        168   fepilogue.o

    ----------------------------------------------------------------------
      6058        176        136         16          0       4340   Library Totals
         8          0          3          0          0          0   (incl. Padding)

    ----------------------------------------------------------------------

      Code (inc. data)   RO Data    RW Data    ZI Data      Debug   Library Name

        28          0          0          0          0         80   m_ws.l
      4630        176        133         16          0       3048   mc_w.l
      1392          0          0          0          0       1212   mf_w.l

    ----------------------------------------------------------------------
      6058        176        136         16          0       4340   Library Totals

    ----------------------------------------------------------------------

==============================================================================


      Code (inc. data)   RO Data    RW Data    ZI Data      Debug   

     26978       2552       2942         96       2528    1292386   Grand Totals
     26978       2552       2942         96       2528    1292386   ELF Image Totals
     26978       2552       2942         96          0          0   ROM Totals

==============================================================================

    Total RO  Size (Code + RO Data)                29920 (  29.22kB)
    Total RW  Size (RW Data + ZI Data)              2624 (   2.56kB)
    Total ROM Size (Code + RO Data + RW Data)      30016 (  29.31kB)

==============================================================================

